Archive member included to satisfy reference by file (symbol)

d:/tool/gcc-arm-none-eabi-10.3-2021.10/bin/../lib/gcc/arm-none-eabi/10.3.1/thumb/v7-m/nofp\libgcc.a(_arm_muldf3.o)
                              CMakeFiles/BalanceCar_Mini.elf.dir/User/MPU6050.c.obj (__aeabi_dmul)
d:/tool/gcc-arm-none-eabi-10.3-2021.10/bin/../lib/gcc/arm-none-eabi/10.3.1/thumb/v7-m/nofp\libgcc.a(_arm_mulsf3.o)
                              CMakeFiles/BalanceCar_Mini.elf.dir/User/MPU6050.c.obj (__aeabi_fmul)
d:/tool/gcc-arm-none-eabi-10.3-2021.10/bin/../lib/gcc/arm-none-eabi/10.3.1/thumb/v7-m/nofp\libgcc.a(_arm_addsubdf3.o)
                              CMakeFiles/BalanceCar_Mini.elf.dir/User/MPU6050.c.obj (__aeabi_dadd)
d:/tool/gcc-arm-none-eabi-10.3-2021.10/bin/../lib/gcc/arm-none-eabi/10.3.1/thumb/v7-m/nofp\libgcc.a(_arm_muldivdf3.o)
                              CMakeFiles/BalanceCar_Mini.elf.dir/User/control.c.obj (__aeabi_ddiv)
d:/tool/gcc-arm-none-eabi-10.3-2021.10/bin/../lib/gcc/arm-none-eabi/10.3.1/thumb/v7-m/nofp\libgcc.a(_arm_truncdfsf2.o)
                              CMakeFiles/BalanceCar_Mini.elf.dir/User/MPU6050.c.obj (__aeabi_d2f)
d:/tool/gcc-arm-none-eabi-10.3-2021.10/bin/../lib/gcc/arm-none-eabi/10.3.1/thumb/v7-m/nofp\libgcc.a(_arm_addsubsf3.o)
                              CMakeFiles/BalanceCar_Mini.elf.dir/User/MPU6050.c.obj (__aeabi_fsub)
d:/tool/gcc-arm-none-eabi-10.3-2021.10/bin/../lib/gcc/arm-none-eabi/10.3.1/thumb/v7-m/nofp\libgcc.a(_arm_muldivsf3.o)
                              CMakeFiles/BalanceCar_Mini.elf.dir/User/MPU6050.c.obj (__aeabi_fdiv)
d:/tool/gcc-arm-none-eabi-10.3-2021.10/bin/../lib/gcc/arm-none-eabi/10.3.1/thumb/v7-m/nofp\libgcc.a(_arm_cmpsf2.o)
                              CMakeFiles/BalanceCar_Mini.elf.dir/User/inv_mpu.c.obj (__aeabi_fcmpeq)
d:/tool/gcc-arm-none-eabi-10.3-2021.10/bin/../lib/gcc/arm-none-eabi/10.3.1/thumb/v7-m/nofp\libgcc.a(_arm_fixsfsi.o)
                              CMakeFiles/BalanceCar_Mini.elf.dir/User/MPU6050.c.obj (__aeabi_f2iz)
d:/tool/gcc-arm-none-eabi-10.3-2021.10/bin/../lib/gcc/arm-none-eabi/10.3.1/thumb/v7-m/nofp\libgcc.a(_arm_fixunssfsi.o)
                              CMakeFiles/BalanceCar_Mini.elf.dir/User/inv_mpu_dmp_motion_driver.c.obj (__aeabi_f2uiz)
d:/tool/gcc-arm-none-eabi-10.3-2021.10/bin/../lib/gcc/arm-none-eabi/10.3.1/thumb/v7-m/nofp\libgcc.a(_aeabi_ldivmod.o)
                              CMakeFiles/BalanceCar_Mini.elf.dir/User/inv_mpu.c.obj (__aeabi_ldivmod)
d:/tool/gcc-arm-none-eabi-10.3-2021.10/bin/../lib/gcc/arm-none-eabi/10.3.1/thumb/v7-m/nofp\libgcc.a(_udivmoddi4.o)
                              d:/tool/gcc-arm-none-eabi-10.3-2021.10/bin/../lib/gcc/arm-none-eabi/10.3.1/thumb/v7-m/nofp\libgcc.a(_aeabi_ldivmod.o) (__udivmoddi4)
d:/tool/gcc-arm-none-eabi-10.3-2021.10/bin/../lib/gcc/arm-none-eabi/10.3.1/thumb/v7-m/nofp\libgcc.a(_dvmd_tls.o)
                              d:/tool/gcc-arm-none-eabi-10.3-2021.10/bin/../lib/gcc/arm-none-eabi/10.3.1/thumb/v7-m/nofp\libgcc.a(_aeabi_ldivmod.o) (__aeabi_ldiv0)
d:/tool/gcc-arm-none-eabi-10.3-2021.10/bin/../lib/gcc/arm-none-eabi/10.3.1/../../../../arm-none-eabi/lib/thumb/v7-m/nofp\libg.a(lib_a-errno.o)
                              CMakeFiles/BalanceCar_Mini.elf.dir/Core/Src/syscalls.c.obj (__errno)
d:/tool/gcc-arm-none-eabi-10.3-2021.10/bin/../lib/gcc/arm-none-eabi/10.3.1/../../../../arm-none-eabi/lib/thumb/v7-m/nofp\libg.a(lib_a-exit.o)
                              d:/tool/gcc-arm-none-eabi-10.3-2021.10/bin/../lib/gcc/arm-none-eabi/10.3.1/../../../../arm-none-eabi/lib/thumb/v7-m/nofp/crt0.o (exit)
d:/tool/gcc-arm-none-eabi-10.3-2021.10/bin/../lib/gcc/arm-none-eabi/10.3.1/../../../../arm-none-eabi/lib/thumb/v7-m/nofp\libg.a(lib_a-impure.o)
                              d:/tool/gcc-arm-none-eabi-10.3-2021.10/bin/../lib/gcc/arm-none-eabi/10.3.1/../../../../arm-none-eabi/lib/thumb/v7-m/nofp\libg.a(lib_a-exit.o) (_global_impure_ptr)
d:/tool/gcc-arm-none-eabi-10.3-2021.10/bin/../lib/gcc/arm-none-eabi/10.3.1/../../../../arm-none-eabi/lib/thumb/v7-m/nofp\libg.a(lib_a-init.o)
                              d:/tool/gcc-arm-none-eabi-10.3-2021.10/bin/../lib/gcc/arm-none-eabi/10.3.1/../../../../arm-none-eabi/lib/thumb/v7-m/nofp/crt0.o (__libc_init_array)
d:/tool/gcc-arm-none-eabi-10.3-2021.10/bin/../lib/gcc/arm-none-eabi/10.3.1/../../../../arm-none-eabi/lib/thumb/v7-m/nofp\libg.a(lib_a-memcmp.o)
                              CMakeFiles/BalanceCar_Mini.elf.dir/User/inv_mpu.c.obj (memcmp)
d:/tool/gcc-arm-none-eabi-10.3-2021.10/bin/../lib/gcc/arm-none-eabi/10.3.1/../../../../arm-none-eabi/lib/thumb/v7-m/nofp\libg.a(lib_a-memset.o)
                              d:/tool/gcc-arm-none-eabi-10.3-2021.10/bin/../lib/gcc/arm-none-eabi/10.3.1/../../../../arm-none-eabi/lib/thumb/v7-m/nofp/crt0.o (memset)
d:/tool/gcc-arm-none-eabi-10.3-2021.10/bin/../lib/gcc/arm-none-eabi/10.3.1/../../../../arm-none-eabi/lib/thumb/v7-m/nofp\libg.a(lib_a-printf.o)
[...]
Memory Configuration

Name             Origin             Length             Attributes
RAM              0x20000000         0x00005000         xrw
FLASH            0x08000000         0x00010000         xr
*default*        0x00000000         0xffffffff

Linker script and memory map

LOAD d:/tool/gcc-arm-none-eabi-10.3-2021.10/bin/../lib/gcc/arm-none-eabi/10.3.1/thumb/v7-m/nofp/crti.o
LOAD d:/tool/gcc-arm-none-eabi-10.3-2021.10/bin/../lib/gcc/arm-none-eabi/10.3.1/thumb/v7-m/nofp/crtbegin.o
LOAD d:/tool/gcc-arm-none-eabi-10.3-2021.10/bin/../lib/gcc/arm-none-eabi/10.3.1/../../../../arm-none-eabi/lib/thumb/v7-m/nofp/crt0.o
LOAD CMakeFiles/BalanceCar_Mini.elf.dir/Core/Src/gpio.c.obj
LOAD CMakeFiles/BalanceCar_Mini.elf.dir/Core/Src/main.c.obj
LOAD CMakeFiles/BalanceCar_Mini.elf.dir/Core/Src/stm32f1xx_hal_msp.c.obj
LOAD CMakeFiles/BalanceCar_Mini.elf.dir/Core/Src/stm32f1xx_it.c.obj
LOAD CMakeFiles/BalanceCar_Mini.elf.dir/Core/Src/syscalls.c.obj
LOAD CMakeFiles/BalanceCar_Mini.elf.dir/Core/Src/system_stm32f1xx.c.obj
LOAD CMakeFiles/BalanceCar_Mini.elf.dir/Core/Src/tim.c.obj
LOAD CMakeFiles/BalanceCar_Mini.elf.dir/Drivers/STM32F1xx_HAL_Driver/Src/stm32f1xx_hal.c.obj
LOAD CMakeFiles/BalanceCar_Mini.elf.dir/Drivers/STM32F1xx_HAL_Driver/Src/stm32f1xx_hal_cortex.c.obj
LOAD CMakeFiles/BalanceCar_Mini.elf.dir/Drivers/STM32F1xx_HAL_Driver/Src/stm32f1xx_hal_dma.c.obj
LOAD CMakeFiles/BalanceCar_Mini.elf.dir/Drivers/STM32F1xx_HAL_Driver/Src/stm32f1xx_hal_exti.c.obj
LOAD CMakeFiles/BalanceCar_Mini.elf.dir/Drivers/STM32F1xx_HAL_Driver/Src/stm32f1xx_hal_flash.c.obj
LOAD CMakeFiles/BalanceCar_Mini.elf.dir/Drivers/STM32F1xx_HAL_Driver/Src/stm32f1xx_hal_flash_ex.c.obj
LOAD CMakeFiles/BalanceCar_Mini.elf.dir/Drivers/STM32F1xx_HAL_Driver/Src/stm32f1xx_hal_gpio.c.obj
LOAD CMakeFiles/BalanceCar_Mini.elf.dir/Drivers/STM32F1xx_HAL_Driver/Src/stm32f1xx_hal_gpio_ex.c.obj
LOAD CMakeFiles/BalanceCar_Mini.elf.dir/Drivers/STM32F1xx_HAL_Driver/Src/stm32f1xx_hal_pwr.c.obj
LOAD CMakeFiles/BalanceCar_Mini.elf.dir/Drivers/STM32F1xx_HAL_Driver/Src/stm32f1xx_hal_rcc.c.obj
LOAD CMakeFiles/BalanceCar_Mini.elf.dir/Drivers/STM32F1xx_HAL_Driver/Src/stm32f1xx_hal_rcc_ex.c.obj
LOAD CMakeFiles/BalanceCar_Mini.elf.dir/Drivers/STM32F1xx_HAL_Driver/Src/stm32f1xx_hal_tim.c.obj
LOAD CMakeFiles/BalanceCar_Mini.elf.dir/Drivers/STM32F1xx_HAL_Driver/Src/stm32f1xx_hal_tim_ex.c.obj
LOAD CMakeFiles/BalanceCar_Mini.elf.dir/HARDWARE/IOI2C.c.obj
LOAD CMakeFiles/BalanceCar_Mini.elf.dir/HARDWARE/encoder.c.obj
LOAD CMakeFiles/BalanceCar_Mini.elf.dir/HARDWARE/key.c.obj
LOAD CMakeFiles/BalanceCar_Mini.elf.dir/HARDWARE/motor.c.obj
LOAD CMakeFiles/BalanceCar_Mini.elf.dir/HARDWARE/oled.c.obj
LOAD CMakeFiles/BalanceCar_Mini.elf.dir/User/MPU6050.c.obj
LOAD CMakeFiles/BalanceCar_Mini.elf.dir/User/control.c.obj
LOAD CMakeFiles/BalanceCar_Mini.elf.dir/User/delay.c.obj
LOAD CMakeFiles/BalanceCar_Mini.elf.dir/User/filter.c.obj
LOAD CMakeFiles/BalanceCar_Mini.elf.dir/User/inv_mpu.c.obj
LOAD CMakeFiles/BalanceCar_Mini.elf.dir/User/inv_mpu_dmp_motion_driver.c.obj
LOAD CMakeFiles/BalanceCar_Mini.elf.dir/User/show.c.obj
LOAD CMakeFiles/BalanceCar_Mini.elf.dir/User/sys.c.obj
LOAD CMakeFiles/BalanceCar_Mini.elf.dir/startup/startup_stm32f103xb.s.obj
START GROUP
LOAD d:/tool/gcc-arm-none-eabi-10.3-2021.10/bin/../lib/gcc/arm-none-eabi/10.3.1/thumb/v7-m/nofp\libgcc.a
LOAD d:/tool/gcc-arm-none-eabi-10.3-2021.10/bin/../lib/gcc/arm-none-eabi/10.3.1/../../../../arm-none-eabi/lib/thumb/v7-m/nofp\libg.a
LOAD d:/tool/gcc-arm-none-eabi-10.3-2021.10/bin/../lib/gcc/arm-none-eabi/10.3.1/../../../../arm-none-eabi/lib/thumb/v7-m/nofp\libc.a
END GROUP
LOAD d:/tool/gcc-arm-none-eabi-10.3-2021.10/bin/../lib/gcc/arm-none-eabi/10.3.1/thumb/v7-m/nofp/crtend.o
LOAD d:/tool/gcc-arm-none-eabi-10.3-2021.10/bin/../lib/gcc/arm-none-eabi/10.3.1/thumb/v7-m/nofp/crtn.o
                0x20005000                _estack = (ORIGIN (RAM) + LENGTH (RAM))
                0x00000200                _Min_Heap_Size = 0x200
                0x00000400                _Min_Stack_Size = 0x400

.isr_vector     0x08000000      0x10c
                0x08000000                . = ALIGN (0x4)
 *(.isr_vector)
 .isr_vector    0x08000000      0x10c CMakeFiles/BalanceCar_Mini.elf.dir/startup/startup_stm32f103xb.s.obj
                0x08000000                g_pfnVectors
                0x0800010c                . = ALIGN (0x4)

.text           0x08000110     0xc284
                0x08000110                . = ALIGN (0x4)
 *(.text)
 .text          0x08000110       0x40 d:/tool/gcc-arm-none-eabi-10.3-2021.10/bin/../lib/gcc/arm-none-eabi/10.3.1/thumb/v7-m/nofp/crtbegin.o
 .text          0x08000150      0x378 d:/tool/gcc-arm-none-eabi-10.3-2021.10/bin/../lib/gcc/arm-none-eabi/10.3.1/thumb/v7-m/nofp\libgcc.a(_arm_addsubdf3.o)
                0x08000150                __aeabi_drsub
                0x08000158                __aeabi_dsub
                0x08000158                __subdf3
                0x0800015c                __aeabi_dadd
                0x0800015c                __adddf3
                0x080003d4                __floatunsidf
                0x080003d4                __aeabi_ui2d
                0x080003f4                __floatsidf
                0x080003f4                __aeabi_i2d
                0x08000418                __aeabi_f2d
                0x08000418                __extendsfdf2
                0x0800045c                __floatundidf
                0x0800045c                __aeabi_ul2d
                0x0800046c                __floatdidf
                0x0800046c                __aeabi_l2d
 .text          0x080004c8      0x424 d:/tool/gcc-arm-none-eabi-10.3-2021.10/bin/../lib/gcc/arm-none-eabi/10.3.1/thumb/v7-m/nofp\libgcc.a(_arm_muldivdf3.o)
                0x080004c8                __aeabi_dmul
                0x080004c8                __muldf3
                0x0800071c                __divdf3
                0x0800071c                __aeabi_ddiv
 .text          0x080008ec       0xa0 d:/tool/gcc-arm-none-eabi-10.3-2021.10/bin/../lib/gcc/arm-none-eabi/10.3.1/thumb/v7-m/nofp\libgcc.a(_arm_truncdfsf2.o)
                0x080008ec                __truncdfsf2
                0x080008ec                __aeabi_d2f
 .text          0x0800098c      0x21c d:/tool/gcc-arm-none-eabi-10.3-2021.10/bin/../lib/gcc/arm-none-eabi/10.3.1/thumb/v7-m/nofp\libgcc.a(_arm_addsubsf3.o)
                0x0800098c                __aeabi_frsub
                0x08000994                __subsf3
                0x08000994                __aeabi_fsub
                0x08000998                __aeabi_fadd
                0x08000998                __addsf3
                0x08000af8                __aeabi_ui2f
                0x08000af8                __floatunsisf
                0x08000b00                __aeabi_i2f
                0x08000b00                __floatsisf
                0x08000b1c                __aeabi_ul2f
                0x08000b1c                __floatundisf
                0x08000b2c                __aeabi_l2f
                0x08000b2c                __floatdisf
 .text          0x08000ba8      0x2a0 d:/tool/gcc-arm-none-eabi-10.3-2021.10/bin/../lib/gcc/arm-none-eabi/10.3.1/thumb/v7-m/nofp\libgcc.a(_arm_muldivsf3.o)
                0x08000ba8                __mulsf3
                0x08000ba8                __aeabi_fmul
                0x08000d10                __aeabi_fdiv
                0x08000d10                __divsf3
 .text          0x08000e48       0xec d:/tool/gcc-arm-none-eabi-10.3-2021.10/bin/../lib/gcc/arm-none-eabi/10.3.1/thumb/v7-m/nofp\libgcc.a(_arm_cmpsf2.o)
                0x08000e48                __gesf2
                0x08000e48                __gtsf2
                0x08000e50                __lesf2
                0x08000e50                __ltsf2
                0x08000e58                __nesf2
                0x08000e58                __eqsf2
                0x08000e58                __cmpsf2
                0x08000eb8                __aeabi_cfrcmple
                0x08000ec0                __aeabi_cfcmpeq
                0x08000ec0                __aeabi_cfcmple
                0x08000ed0                __aeabi_fcmpeq
                0x08000ee4                __aeabi_fcmplt
                0x08000ef8                __aeabi_fcmple
                0x08000f0c                __aeabi_fcmpge
                0x08000f20                __aeabi_fcmpgt
 .text          0x08000f34       0x4c d:/tool/gcc-arm-none-eabi-10.3-2021.10/bin/../lib/gcc/arm-none-eabi/10.3.1/thumb/v7-m/nofp\libgcc.a(_arm_fixsfsi.o)
                0x08000f34                __aeabi_f2iz
                0x08000f34                __fixsfsi
 .text          0x08000f80       0x40 d:/tool/gcc-arm-none-eabi-10.3-2021.10/bin/../lib/gcc/arm-none-eabi/10.3.1/thumb/v7-m/nofp\libgcc.a(_arm_fixunssfsi.o)
                0x08000f80                __fixunssfsi
                0x08000f80                __aeabi_f2uiz
 .text          0x08000fc0       0xa0 d:/tool/gcc-arm-none-eabi-10.3-2021.10/bin/../lib/gcc/arm-none-eabi/10.3.1/thumb/v7-m/nofp\libgcc.a(_aeabi_ldivmod.o)
                0x08000fc0                __aeabi_ldivmod
 .text          0x08001060      0x2d4 d:/tool/gcc-arm-none-eabi-10.3-2021.10/bin/../lib/gcc/arm-none-eabi/10.3.1/thumb/v7-m/nofp\libgcc.a(_udivmoddi4.o)
                0x08001060                __udivmoddi4
 .text          0x08001334        0x4 d:/tool/gcc-arm-none-eabi-10.3-2021.10/bin/../lib/gcc/arm-none-eabi/10.3.1/thumb/v7-m/nofp\libgcc.a(_dvmd_tls.o)
                0x08001334                __aeabi_idiv0
                0x08001334                __aeabi_ldiv0
 .text          0x08001338       0xec d:/tool/gcc-arm-none-eabi-10.3-2021.10/bin/../lib/gcc/arm-none-eabi/10.3.1/../../../../arm-none-eabi/lib/thumb/v7-m/nofp\libg.a(lib_a-memcpy.o)
                0x08001338                memcpy
 .text          0x08001424      0x110 d:/tool/gcc-arm-none-eabi-10.3-2021.10/bin/../lib/gcc/arm-none-eabi/10.3.1/thumb/v7-m/nofp\libgcc.a(_arm_cmpdf2.o)
                0x08001424                __gtdf2
                0x08001424                __gedf2
                0x0800142c                __ltdf2
                0x0800142c                __ledf2
                0x08001434                __nedf2
                0x08001434                __eqdf2
                0x08001434                __cmpdf2
                0x080014b0                __aeabi_cdrcmple
                0x080014c0                __aeabi_cdcmpeq
                0x080014c0                __aeabi_cdcmple
                0x080014d0                __aeabi_dcmpeq
                0x080014e4                __aeabi_dcmplt
                0x080014f8                __aeabi_dcmple
                0x0800150c                __aeabi_dcmpge
                0x08001520                __aeabi_dcmpgt
 .text          0x08001534       0x2c d:/tool/gcc-arm-none-eabi-10.3-2021.10/bin/../lib/gcc/arm-none-eabi/10.3.1/thumb/v7-m/nofp\libgcc.a(_arm_unorddf2.o)
                0x08001534                __unorddf2
                0x08001534                __aeabi_dcmpun
 .text          0x08001560       0x50 d:/tool/gcc-arm-none-eabi-10.3-2021.10/bin/../lib/gcc/arm-none-eabi/10.3.1/thumb/v7-m/nofp\libgcc.a(_arm_fixdfsi.o)
                0x08001560                __aeabi_d2iz
                0x08001560                __fixdfsi
 .text          0x080015b0       0x30 d:/tool/gcc-arm-none-eabi-10.3-2021.10/bin/../lib/gcc/arm-none-eabi/10.3.1/thumb/v7-m/nofp\libgcc.a(_aeabi_uldivmod.o)
                0x080015b0                __aeabi_uldivmod
 *(.text*)
 .text.MX_GPIO_Init
                0x080015e0       0xf4 CMakeFiles/BalanceCar_Mini.elf.dir/Core/Src/gpio.c.obj
                0x080015e0                MX_GPIO_Init
 .text.Error_Handler
                0x080016d4        0x4 CMakeFiles/BalanceCar_Mini.elf.dir/Core/Src/main.c.obj
                0x080016d4                Error_Handler
 .text.SystemClock_Config
                0x080016d8       0x64 CMakeFiles/BalanceCar_Mini.elf.dir/Core/Src/main.c.obj
                0x080016d8                SystemClock_Config
 .text.main     0x0800173c       0x3e CMakeFiles/BalanceCar_Mini.elf.dir/Core/Src/main.c.obj
                0x0800173c                main
 *fill*         0x0800177a        0x2 
 .text.HAL_MspInit
                0x0800177c       0x4c CMakeFiles/BalanceCar_Mini.elf.dir/Core/Src/stm32f1xx_hal_msp.c.obj
                0x0800177c                HAL_MspInit
 .text.NMI_Handler
                0x080017c8        0x2 CMakeFiles/BalanceCar_Mini.elf.dir/Core/Src/stm32f1xx_it.c.obj
                0x080017c8                NMI_Handler
 .text.HardFault_Handler
                0x080017ca        0x2 CMakeFiles/BalanceCar_Mini.elf.dir/Core/Src/stm32f1xx_it.c.obj
                0x080017ca                HardFault_Handler
 .text.MemManage_Handler
                0x080017cc        0x2 CMakeFiles/BalanceCar_Mini.elf.dir/Core/Src/stm32f1xx_it.c.obj
                0x080017cc                MemManage_Handler
 .text.BusFault_Handler
                0x080017ce        0x2 CMakeFiles/BalanceCar_Mini.elf.dir/Core/Src/stm32f1xx_it.c.obj
                0x080017ce                BusFault_Handler
 .text.UsageFault_Handler
                0x080017d0        0x2 CMakeFiles/BalanceCar_Mini.elf.dir/Core/Src/stm32f1xx_it.c.obj
                0x080017d0                UsageFault_Handler
 .text.SVC_Handler
                0x080017d2        0x2 CMakeFiles/BalanceCar_Mini.elf.dir/Core/Src/stm32f1xx_it.c.obj
                0x080017d2                SVC_Handler
 .text.DebugMon_Handler
                0x080017d4        0x2 CMakeFiles/BalanceCar_Mini.elf.dir/Core/Src/stm32f1xx_it.c.obj
                0x080017d4                DebugMon_Handler
 .text.PendSV_Handler
                0x080017d6        0x2 CMakeFiles/BalanceCar_Mini.elf.dir/Core/Src/stm32f1xx_it.c.obj
                0x080017d6                PendSV_Handler
 .text.SysTick_Handler
                0x080017d8        0x8 CMakeFiles/BalanceCar_Mini.elf.dir/Core/Src/stm32f1xx_it.c.obj
                0x080017d8                SysTick_Handler
 .text.EXTI15_10_IRQHandler
                0x080017e0        0xc CMakeFiles/BalanceCar_Mini.elf.dir/Core/Src/stm32f1xx_it.c.obj
                0x080017e0                EXTI15_10_IRQHandler
 .text._getpid  0x080017ec        0x4 CMakeFiles/BalanceCar_Mini.elf.dir/Core/Src/syscalls.c.obj
                0x080017ec                _getpid
 .text._kill    0x080017f0       0x10 CMakeFiles/BalanceCar_Mini.elf.dir/Core/Src/syscalls.c.obj
                0x080017f0                _kill
 .text._exit    0x08001800        0xc CMakeFiles/BalanceCar_Mini.elf.dir/Core/Src/syscalls.c.obj
                0x08001800                _exit
 .text._read    0x0800180c       0x20 CMakeFiles/BalanceCar_Mini.elf.dir/Core/Src/syscalls.c.obj
                0x0800180c                _read
 .text._write   0x0800182c       0x1c CMakeFiles/BalanceCar_Mini.elf.dir/Core/Src/syscalls.c.obj
                0x0800182c                _write
 .text._sbrk    0x08001848       0x3c CMakeFiles/BalanceCar_Mini.elf.dir/Core/Src/syscalls.c.obj
                0x08001848                _sbrk
 .text._close   0x08001884        0x6 CMakeFiles/BalanceCar_Mini.elf.dir/Core/Src/syscalls.c.obj
                0x08001884                _close
 .text._fstat   0x0800188a        0xa CMakeFiles/BalanceCar_Mini.elf.dir/Core/Src/syscalls.c.obj
                0x0800188a                _fstat
 .text._isatty  0x08001894        0x4 CMakeFiles/BalanceCar_Mini.elf.dir/Core/Src/syscalls.c.obj
                0x08001894                _isatty
 .text._lseek   0x08001898        0x4 CMakeFiles/BalanceCar_Mini.elf.dir/Core/Src/syscalls.c.obj
                0x08001898                _lseek
 .text.SystemInit
                0x0800189c        0x2 CMakeFiles/BalanceCar_Mini.elf.dir/Core/Src/system_stm32f1xx.c.obj
                0x0800189c                SystemInit
 *fill*         0x0800189e        0x2 
 .text.MX_TIM2_Init
                0x080018a0       0x70 CMakeFiles/BalanceCar_Mini.elf.dir/Core/Src/tim.c.obj
                0x080018a0                MX_TIM2_Init
 .text.MX_TIM4_Init
                0x08001910       0x74 CMakeFiles/BalanceCar_Mini.elf.dir/Core/Src/tim.c.obj
                0x08001910                MX_TIM4_Init
 .text.HAL_TIM_PWM_MspInit
                0x08001984       0x2c CMakeFiles/BalanceCar_Mini.elf.dir/Core/Src/tim.c.obj
                0x08001984                HAL_TIM_PWM_MspInit
 .text.HAL_TIM_Encoder_MspInit
                0x080019b0       0x9c CMakeFiles/BalanceCar_Mini.elf.dir/Core/Src/tim.c.obj
                0x080019b0                HAL_TIM_Encoder_MspInit
 .text.HAL_TIM_MspPostInit
                0x08001a4c       0x54 CMakeFiles/BalanceCar_Mini.elf.dir/Core/Src/tim.c.obj
                0x08001a4c                HAL_TIM_MspPostInit
 .text.MX_TIM1_Init
                0x08001aa0       0xdc CMakeFiles/BalanceCar_Mini.elf.dir/Core/Src/tim.c.obj
                0x08001aa0                MX_TIM1_Init
 .text.HAL_InitTick
                0x08001b7c       0x4c CMakeFiles/BalanceCar_Mini.elf.dir/Drivers/STM32F1xx_HAL_Driver/Src/stm32f1xx_hal.c.obj
                0x08001b7c                HAL_InitTick
 .text.HAL_Init
                0x08001bc8       0x24 CMakeFiles/BalanceCar_Mini.elf.dir/Drivers/STM32F1xx_HAL_Driver/Src/stm32f1xx_hal.c.obj
                0x08001bc8                HAL_Init
 .text.HAL_IncTick
                0x08001bec       0x18 CMakeFiles/BalanceCar_Mini.elf.dir/Drivers/STM32F1xx_HAL_Driver/Src/stm32f1xx_hal.c.obj
                0x08001bec                HAL_IncTick
 .text.HAL_GetTick
                0x08001c04        0xc CMakeFiles/BalanceCar_Mini.elf.dir/Drivers/STM32F1xx_HAL_Driver/Src/stm32f1xx_hal.c.obj
                0x08001c04                HAL_GetTick
 .text.HAL_NVIC_SetPriorityGrouping
                0x08001c10       0x24 CMakeFiles/BalanceCar_Mini.elf.dir/Drivers/STM32F1xx_HAL_Driver/Src/stm32f1xx_hal_cortex.c.obj
                0x08001c10                HAL_NVIC_SetPriorityGrouping
 .text.HAL_NVIC_SetPriority
                0x08001c34       0x70 CMakeFiles/BalanceCar_Mini.elf.dir/Drivers/STM32F1xx_HAL_Driver/Src/stm32f1xx_hal_cortex.c.obj
                0x08001c34                HAL_NVIC_SetPriority
 .text.HAL_NVIC_EnableIRQ
                0x08001ca4       0x1c CMakeFiles/BalanceCar_Mini.elf.dir/Drivers/STM32F1xx_HAL_Driver/Src/stm32f1xx_hal_cortex.c.obj
                0x08001ca4                HAL_NVIC_EnableIRQ
 .text.HAL_NVIC_DisableIRQ
                0x08001cc0       0x24 CMakeFiles/BalanceCar_Mini.elf.dir/Drivers/STM32F1xx_HAL_Driver/Src/stm32f1xx_hal_cortex.c.obj
                0x08001cc0                HAL_NVIC_DisableIRQ
 .text.HAL_SYSTICK_Config
                0x08001ce4       0x28 CMakeFiles/BalanceCar_Mini.elf.dir/Drivers/STM32F1xx_HAL_Driver/Src/stm32f1xx_hal_cortex.c.obj
                0x08001ce4                HAL_SYSTICK_Config
 .text.HAL_GPIO_Init
                0x08001d0c      0x224 CMakeFiles/BalanceCar_Mini.elf.dir/Drivers/STM32F1xx_HAL_Driver/Src/stm32f1xx_hal_gpio.c.obj
                0x08001d0c                HAL_GPIO_Init
 .text.HAL_GPIO_WritePin
                0x08001f30        0xc CMakeFiles/BalanceCar_Mini.elf.dir/Drivers/STM32F1xx_HAL_Driver/Src/stm32f1xx_hal_gpio.c.obj
                0x08001f30                HAL_GPIO_WritePin
 .text.HAL_GPIO_EXTI_IRQHandler
                0x08001f3c       0x1c CMakeFiles/BalanceCar_Mini.elf.dir/Drivers/STM32F1xx_HAL_Driver/Src/stm32f1xx_hal_gpio.c.obj
                0x08001f3c                HAL_GPIO_EXTI_IRQHandler
 .text.RCC_Delay
                0x08001f58       0x2c CMakeFiles/BalanceCar_Mini.elf.dir/Drivers/STM32F1xx_HAL_Driver/Src/stm32f1xx_hal_rcc.c.obj
 .text.HAL_RCC_OscConfig
                0x08001f84      0x410 CMakeFiles/BalanceCar_Mini.elf.dir/Drivers/STM32F1xx_HAL_Driver/Src/stm32f1xx_hal_rcc.c.obj
                0x08001f84                HAL_RCC_OscConfig
 .text.HAL_RCC_GetSysClockFreq
                0x08002394       0x70 CMakeFiles/BalanceCar_Mini.elf.dir/Drivers/STM32F1xx_HAL_Driver/Src/stm32f1xx_hal_rcc.c.obj
                0x08002394                HAL_RCC_GetSysClockFreq
 .text.HAL_RCC_ClockConfig
                0x08002404      0x16c CMakeFiles/BalanceCar_Mini.elf.dir/Drivers/STM32F1xx_HAL_Driver/Src/stm32f1xx_hal_rcc.c.obj
                0x08002404                HAL_RCC_ClockConfig
 .text.TIM_OC1_SetConfig
                0x08002570       0x5c CMakeFiles/BalanceCar_Mini.elf.dir/Drivers/STM32F1xx_HAL_Driver/Src/stm32f1xx_hal_tim.c.obj
 .text.TIM_OC3_SetConfig
                0x080025cc       0x64 CMakeFiles/BalanceCar_Mini.elf.dir/Drivers/STM32F1xx_HAL_Driver/Src/stm32f1xx_hal_tim.c.obj
 .text.TIM_OC4_SetConfig
                0x08002630       0x48 CMakeFiles/BalanceCar_Mini.elf.dir/Drivers/STM32F1xx_HAL_Driver/Src/stm32f1xx_hal_tim.c.obj
 .text.TIM_Base_SetConfig
                0x08002678       0x74 CMakeFiles/BalanceCar_Mini.elf.dir/Drivers/STM32F1xx_HAL_Driver/Src/stm32f1xx_hal_tim.c.obj
                0x08002678                TIM_Base_SetConfig
 .text.HAL_TIM_PWM_Init
                0x080026ec       0x58 CMakeFiles/BalanceCar_Mini.elf.dir/Drivers/STM32F1xx_HAL_Driver/Src/stm32f1xx_hal_tim.c.obj
                0x080026ec                HAL_TIM_PWM_Init
 .text.HAL_TIM_Encoder_Init
                0x08002744       0xb8 CMakeFiles/BalanceCar_Mini.elf.dir/Drivers/STM32F1xx_HAL_Driver/Src/stm32f1xx_hal_tim.c.obj
                0x08002744                HAL_TIM_Encoder_Init
 .text.TIM_OC2_SetConfig
                0x080027fc       0x64 CMakeFiles/BalanceCar_Mini.elf.dir/Drivers/STM32F1xx_HAL_Driver/Src/stm32f1xx_hal_tim.c.obj
                0x080027fc                TIM_OC2_SetConfig
 .text.HAL_TIM_PWM_ConfigChannel
                0x08002860       0xd0 CMakeFiles/BalanceCar_Mini.elf.dir/Drivers/STM32F1xx_HAL_Driver/Src/stm32f1xx_hal_tim.c.obj
                0x08002860                HAL_TIM_PWM_ConfigChannel
 .text.TIM_CCxChannelCmd
                0x08002930       0x1e CMakeFiles/BalanceCar_Mini.elf.dir/Drivers/STM32F1xx_HAL_Driver/Src/stm32f1xx_hal_tim.c.obj
                0x08002930                TIM_CCxChannelCmd
 *fill*         0x0800294e        0x2 
 .text.HAL_TIM_PWM_Start
                0x08002950       0xdc CMakeFiles/BalanceCar_Mini.elf.dir/Drivers/STM32F1xx_HAL_Driver/Src/stm32f1xx_hal_tim.c.obj
                0x08002950                HAL_TIM_PWM_Start
 .text.HAL_TIM_Encoder_Start
                0x08002a2c       0xcc CMakeFiles/BalanceCar_Mini.elf.dir/Drivers/STM32F1xx_HAL_Driver/Src/stm32f1xx_hal_tim.c.obj
                0x08002a2c                HAL_TIM_Encoder_Start
 .text.HAL_TIMEx_MasterConfigSynchronization
                0x08002af8       0x6c CMakeFiles/BalanceCar_Mini.elf.dir/Drivers/STM32F1xx_HAL_Driver/Src/stm32f1xx_hal_tim_ex.c.obj
                0x08002af8                HAL_TIMEx_MasterConfigSynchronization
 .text.HAL_TIMEx_ConfigBreakDeadTime
                0x08002b64       0x52 CMakeFiles/BalanceCar_Mini.elf.dir/Drivers/STM32F1xx_HAL_Driver/Src/stm32f1xx_hal_tim_ex.c.obj
                0x08002b64                HAL_TIMEx_ConfigBreakDeadTime
 *fill*         0x08002bb6        0x2 
 .text.IIC_Start
                0x08002bb8       0x5c CMakeFiles/BalanceCar_Mini.elf.dir/HARDWARE/IOI2C.c.obj
                0x08002bb8                IIC_Start
 .text.IIC_Stop
                0x08002c14       0x40 CMakeFiles/BalanceCar_Mini.elf.dir/HARDWARE/IOI2C.c.obj
                0x08002c14                IIC_Stop
 .text.IIC_Wait_Ack
                0x08002c54       0x64 CMakeFiles/BalanceCar_Mini.elf.dir/HARDWARE/IOI2C.c.obj
                0x08002c54                IIC_Wait_Ack
 .text.IIC_Ack  0x08002cb8       0x40 CMakeFiles/BalanceCar_Mini.elf.dir/HARDWARE/IOI2C.c.obj
                0x08002cb8                IIC_Ack
 .text.IIC_NAck
                0x08002cf8       0x40 CMakeFiles/BalanceCar_Mini.elf.dir/HARDWARE/IOI2C.c.obj
                0x08002cf8                IIC_NAck
 .text.IIC_Send_Byte
                0x08002d38       0x5c CMakeFiles/BalanceCar_Mini.elf.dir/HARDWARE/IOI2C.c.obj
                0x08002d38                IIC_Send_Byte
 .text.i2cWrite
                0x08002d94       0x5e CMakeFiles/BalanceCar_Mini.elf.dir/HARDWARE/IOI2C.c.obj
                0x08002d94                i2cWrite
 *fill*         0x08002df2        0x2 
 .text.IIC_Read_Byte
                0x08002df4       0x68 CMakeFiles/BalanceCar_Mini.elf.dir/HARDWARE/IOI2C.c.obj
                0x08002df4                IIC_Read_Byte
 .text.i2cRead  0x08002e5c       0x6e CMakeFiles/BalanceCar_Mini.elf.dir/HARDWARE/IOI2C.c.obj
                0x08002e5c                i2cRead
 .text.I2C_ReadOneByte
                0x08002eca       0x3e CMakeFiles/BalanceCar_Mini.elf.dir/HARDWARE/IOI2C.c.obj
                0x08002eca                I2C_ReadOneByte
 .text.IICwriteBytes
                0x08002f08       0x40 CMakeFiles/BalanceCar_Mini.elf.dir/HARDWARE/IOI2C.c.obj
                0x08002f08                IICwriteBytes
 .text.IICreadByte
                0x08002f48        0xe CMakeFiles/BalanceCar_Mini.elf.dir/HARDWARE/IOI2C.c.obj
                0x08002f48                IICreadByte
 .text.IICwriteByte
                0x08002f56       0x18 CMakeFiles/BalanceCar_Mini.elf.dir/HARDWARE/IOI2C.c.obj
                0x08002f56                IICwriteByte
 .text.IICwriteBits
                0x08002f6e       0x60 CMakeFiles/BalanceCar_Mini.elf.dir/HARDWARE/IOI2C.c.obj
                0x08002f6e                IICwriteBits
 .text.IICwriteBit
                0x08002fce       0x44 CMakeFiles/BalanceCar_Mini.elf.dir/HARDWARE/IOI2C.c.obj
                0x08002fce                IICwriteBit
 *fill*         0x08003012        0x2 
 .text.Read_Encoder
                0x08003014       0x40 CMakeFiles/BalanceCar_Mini.elf.dir/HARDWARE/encoder.c.obj
                0x08003014                Read_Encoder
 .text.click    0x08003054       0x38 CMakeFiles/BalanceCar_Mini.elf.dir/HARDWARE/key.c.obj
                0x08003054                click
 .text.OLED_WR_Byte
                0x0800308c       0x5c CMakeFiles/BalanceCar_Mini.elf.dir/HARDWARE/oled.c.obj
                0x0800308c                OLED_WR_Byte
 .text.OLED_Refresh_Gram
                0x080030e8       0x4c CMakeFiles/BalanceCar_Mini.elf.dir/HARDWARE/oled.c.obj
                0x080030e8                OLED_Refresh_Gram
 .text.OLED_Clear
                0x08003134       0x30 CMakeFiles/BalanceCar_Mini.elf.dir/HARDWARE/oled.c.obj
                0x08003134                OLED_Clear
 .text.OLED_Init
                0x08003164       0xe8 CMakeFiles/BalanceCar_Mini.elf.dir/HARDWARE/oled.c.obj
                0x08003164                OLED_Init
 .text.inv_row_2_scale
                0x0800324c       0x3a CMakeFiles/BalanceCar_Mini.elf.dir/User/MPU6050.c.obj
 .text.inv_orientation_matrix_to_scalar
                0x08003286       0x24 CMakeFiles/BalanceCar_Mini.elf.dir/User/MPU6050.c.obj
 .text.run_self_test
                0x080032aa       0x84 CMakeFiles/BalanceCar_Mini.elf.dir/User/MPU6050.c.obj
 .text.MPU6050_setClockSource
                0x0800332e       0x18 CMakeFiles/BalanceCar_Mini.elf.dir/User/MPU6050.c.obj
                0x0800332e                MPU6050_setClockSource
 .text.MPU6050_setFullScaleGyroRange
                0x08003346       0x18 CMakeFiles/BalanceCar_Mini.elf.dir/User/MPU6050.c.obj
                0x08003346                MPU6050_setFullScaleGyroRange
 .text.MPU6050_setFullScaleAccelRange
                0x0800335e       0x18 CMakeFiles/BalanceCar_Mini.elf.dir/User/MPU6050.c.obj
                0x0800335e                MPU6050_setFullScaleAccelRange
 .text.MPU6050_setSleepEnabled
                0x08003376       0x10 CMakeFiles/BalanceCar_Mini.elf.dir/User/MPU6050.c.obj
                0x08003376                MPU6050_setSleepEnabled
 .text.MPU6050_setI2CMasterModeEnabled
                0x08003386       0x10 CMakeFiles/BalanceCar_Mini.elf.dir/User/MPU6050.c.obj
                0x08003386                MPU6050_setI2CMasterModeEnabled
 .text.MPU6050_setI2CBypassEnabled
                0x08003396       0x10 CMakeFiles/BalanceCar_Mini.elf.dir/User/MPU6050.c.obj
                0x08003396                MPU6050_setI2CBypassEnabled
 .text.MPU6050_initialize
                0x080033a6       0x28 CMakeFiles/BalanceCar_Mini.elf.dir/User/MPU6050.c.obj
                0x080033a6                MPU6050_initialize
 *fill*         0x080033ce        0x2 
 .text.DMP_Init
                0x080033d0       0x8c CMakeFiles/BalanceCar_Mini.elf.dir/User/MPU6050.c.obj
                0x080033d0                DMP_Init
 .text.Balance  0x0800345c       0x40 CMakeFiles/BalanceCar_Mini.elf.dir/User/control.c.obj
                0x0800345c                Balance
 .text.PWM_Limit
                0x0800349c       0x12 CMakeFiles/BalanceCar_Mini.elf.dir/User/control.c.obj
                0x0800349c                PWM_Limit
 *fill*         0x080034ae        0x2 
 .text.Key      0x080034b0       0x20 CMakeFiles/BalanceCar_Mini.elf.dir/User/control.c.obj
                0x080034b0                Key
 .text.Turn_Off
                0x080034d0       0x4c CMakeFiles/BalanceCar_Mini.elf.dir/User/control.c.obj
                0x080034d0                Turn_Off
 *fill*         0x0800351c        0x4 
 .text.Velocity
                0x08003520      0x100 CMakeFiles/BalanceCar_Mini.elf.dir/User/control.c.obj
                0x08003520                Velocity
 .text.Get_Angle
                0x08003620      0x1ec CMakeFiles/BalanceCar_Mini.elf.dir/User/control.c.obj
                0x08003620                Get_Angle
 .text.myabs    0x0800380c        0xa CMakeFiles/BalanceCar_Mini.elf.dir/User/control.c.obj
                0x0800380c                myabs
 *fill*         0x08003816        0x2 
 .text.Set_Pwm  0x08003818       0x64 CMakeFiles/BalanceCar_Mini.elf.dir/User/control.c.obj
                0x08003818                Set_Pwm
 .text.HAL_GPIO_EXTI_Callback
                0x0800387c       0x94 CMakeFiles/BalanceCar_Mini.elf.dir/User/control.c.obj
                0x0800387c                HAL_GPIO_EXTI_Callback
 .text.delay_init
                0x08003910       0x24 CMakeFiles/BalanceCar_Mini.elf.dir/User/delay.c.obj
                0x08003910                delay_init
 .text.delay_us
                0x08003934       0x40 CMakeFiles/BalanceCar_Mini.elf.dir/User/delay.c.obj
                0x08003934                delay_us
 .text.delay_ms
                0x08003974       0x40 CMakeFiles/BalanceCar_Mini.elf.dir/User/delay.c.obj
                0x08003974                delay_ms
 .text.Kalman_Filter_x
                0x080039b4      0x1bc CMakeFiles/BalanceCar_Mini.elf.dir/User/filter.c.obj
                0x080039b4                Kalman_Filter_x
 .text.Kalman_Filter_y
                0x08003b70      0x1bc CMakeFiles/BalanceCar_Mini.elf.dir/User/filter.c.obj
                0x08003b70                Kalman_Filter_y
 .text.get_accel_prod_shift
                0x08003d2c       0xc8 CMakeFiles/BalanceCar_Mini.elf.dir/User/inv_mpu.c.obj
 .text.accel_self_test
                0x08003df4       0xa8 CMakeFiles/BalanceCar_Mini.elf.dir/User/inv_mpu.c.obj
 .text.gyro_self_test
                0x08003e9c      0x108 CMakeFiles/BalanceCar_Mini.elf.dir/User/inv_mpu.c.obj
 .text.set_int_enable
                0x08003fa4       0x98 CMakeFiles/BalanceCar_Mini.elf.dir/User/inv_mpu.c.obj
 .text.get_st_biases
                0x0800403c      0x428 CMakeFiles/BalanceCar_Mini.elf.dir/User/inv_mpu.c.obj
 .text.mpu_reset_fifo
                0x08004464      0x1ec CMakeFiles/BalanceCar_Mini.elf.dir/User/inv_mpu.c.obj
                0x08004464                mpu_reset_fifo
 .text.mpu_get_gyro_fsr
                0x08004650       0x3c CMakeFiles/BalanceCar_Mini.elf.dir/User/inv_mpu.c.obj
                0x08004650                mpu_get_gyro_fsr
 .text.mpu_set_gyro_fsr
                0x0800468c       0x98 CMakeFiles/BalanceCar_Mini.elf.dir/User/inv_mpu.c.obj
                0x0800468c                mpu_set_gyro_fsr
 .text.mpu_get_accel_fsr
                0x08004724       0x44 CMakeFiles/BalanceCar_Mini.elf.dir/User/inv_mpu.c.obj
                0x08004724                mpu_get_accel_fsr
 .text.mpu_set_accel_fsr
                0x08004768       0x94 CMakeFiles/BalanceCar_Mini.elf.dir/User/inv_mpu.c.obj
                0x08004768                mpu_set_accel_fsr
 .text.mpu_get_lpf
                0x080047fc       0x44 CMakeFiles/BalanceCar_Mini.elf.dir/User/inv_mpu.c.obj
                0x080047fc                mpu_get_lpf
 .text.mpu_set_lpf
                0x08004840       0x94 CMakeFiles/BalanceCar_Mini.elf.dir/User/inv_mpu.c.obj
                0x08004840                mpu_set_lpf
 .text.mpu_get_sample_rate
                0x080048d4       0x1c CMakeFiles/BalanceCar_Mini.elf.dir/User/inv_mpu.c.obj
                0x080048d4                mpu_get_sample_rate
 .text.mpu_get_gyro_sens
                0x080048f0       0x4c CMakeFiles/BalanceCar_Mini.elf.dir/User/inv_mpu.c.obj
                0x080048f0                mpu_get_gyro_sens
 .text.mpu_get_accel_sens
                0x0800493c       0x4c CMakeFiles/BalanceCar_Mini.elf.dir/User/inv_mpu.c.obj
                0x0800493c                mpu_get_accel_sens
 .text.mpu_get_fifo_config
                0x08004988       0x10 CMakeFiles/BalanceCar_Mini.elf.dir/User/inv_mpu.c.obj
                0x08004988                mpu_get_fifo_config
 .text.mpu_configure_fifo
                0x08004998       0x64 CMakeFiles/BalanceCar_Mini.elf.dir/User/inv_mpu.c.obj
                0x08004998                mpu_configure_fifo
 .text.mpu_set_bypass
                0x080049fc      0x168 CMakeFiles/BalanceCar_Mini.elf.dir/User/inv_mpu.c.obj
                0x080049fc                mpu_set_bypass
 .text.mpu_set_int_latched
                0x08004b64       0x74 CMakeFiles/BalanceCar_Mini.elf.dir/User/inv_mpu.c.obj
                0x08004b64                mpu_set_int_latched
 .text.mpu_lp_accel_mode
                0x08004bd8       0xdc CMakeFiles/BalanceCar_Mini.elf.dir/User/inv_mpu.c.obj
                0x08004bd8                mpu_lp_accel_mode
 .text.mpu_set_sample_rate
                0x08004cb4       0xa4 CMakeFiles/BalanceCar_Mini.elf.dir/User/inv_mpu.c.obj
                0x08004cb4                mpu_set_sample_rate
 .text.mpu_set_sensors
                0x08004d58       0xe8 CMakeFiles/BalanceCar_Mini.elf.dir/User/inv_mpu.c.obj
                0x08004d58                mpu_set_sensors
 .text.mpu_init
                0x08004e40      0x1b8 CMakeFiles/BalanceCar_Mini.elf.dir/User/inv_mpu.c.obj
                0x08004e40                mpu_init
 .text.mpu_write_mem
                0x08004ff8       0x74 CMakeFiles/BalanceCar_Mini.elf.dir/User/inv_mpu.c.obj
                0x08004ff8                mpu_write_mem
 .text.mpu_read_mem
                0x0800506c       0x74 CMakeFiles/BalanceCar_Mini.elf.dir/User/inv_mpu.c.obj
                0x0800506c                mpu_read_mem
 .text.mpu_load_firmware
                0x080050e0       0xb4 CMakeFiles/BalanceCar_Mini.elf.dir/User/inv_mpu.c.obj
                0x080050e0                mpu_load_firmware
 .text.mpu_set_dmp_state
                0x08005194       0x94 CMakeFiles/BalanceCar_Mini.elf.dir/User/inv_mpu.c.obj
                0x08005194                mpu_set_dmp_state
 .text.mpu_run_self_test
                0x08005228      0x104 CMakeFiles/BalanceCar_Mini.elf.dir/User/inv_mpu.c.obj
                0x08005228                mpu_run_self_test
 .text.dmp_load_motion_driver_firmware
                0x0800532c       0x18 CMakeFiles/BalanceCar_Mini.elf.dir/User/inv_mpu_dmp_motion_driver.c.obj
                0x0800532c                dmp_load_motion_driver_firmware
 .text.dmp_set_orientation
                0x08005344      0x14c CMakeFiles/BalanceCar_Mini.elf.dir/User/inv_mpu_dmp_motion_driver.c.obj
                0x08005344                dmp_set_orientation
 .text.dmp_set_gyro_bias
                0x08005490      0x110 CMakeFiles/BalanceCar_Mini.elf.dir/User/inv_mpu_dmp_motion_driver.c.obj
                0x08005490                dmp_set_gyro_bias
 .text.dmp_set_accel_bias
                0x080055a0       0xf4 CMakeFiles/BalanceCar_Mini.elf.dir/User/inv_mpu_dmp_motion_driver.c.obj
                0x080055a0                dmp_set_accel_bias
 .text.dmp_set_fifo_rate
                0x08005694       0x68 CMakeFiles/BalanceCar_Mini.elf.dir/User/inv_mpu_dmp_motion_driver.c.obj
                0x08005694                dmp_set_fifo_rate
 .text.dmp_set_tap_thresh
                0x080056fc      0x1a0 CMakeFiles/BalanceCar_Mini.elf.dir/User/inv_mpu_dmp_motion_driver.c.obj
                0x080056fc                dmp_set_tap_thresh
 .text.dmp_set_tap_axes
                0x0800589c       0x4e CMakeFiles/BalanceCar_Mini.elf.dir/User/inv_mpu_dmp_motion_driver.c.obj
                0x0800589c                dmp_set_tap_axes
 .text.dmp_set_tap_count
                0x080058ea       0x2c CMakeFiles/BalanceCar_Mini.elf.dir/User/inv_mpu_dmp_motion_driver.c.obj
                0x080058ea                dmp_set_tap_count
 *fill*         0x08005916        0x2 
 .text.dmp_set_tap_time
                0x08005918       0x30 CMakeFiles/BalanceCar_Mini.elf.dir/User/inv_mpu_dmp_motion_driver.c.obj
                0x08005918                dmp_set_tap_time
 .text.dmp_set_tap_time_multi
                0x08005948       0x30 CMakeFiles/BalanceCar_Mini.elf.dir/User/inv_mpu_dmp_motion_driver.c.obj
                0x08005948                dmp_set_tap_time_multi
 .text.dmp_set_shake_reject_thresh
                0x08005978       0x44 CMakeFiles/BalanceCar_Mini.elf.dir/User/inv_mpu_dmp_motion_driver.c.obj
                0x08005978                dmp_set_shake_reject_thresh
 .text.dmp_set_shake_reject_time
                0x080059bc       0x2c CMakeFiles/BalanceCar_Mini.elf.dir/User/inv_mpu_dmp_motion_driver.c.obj
                0x080059bc                dmp_set_shake_reject_time
 .text.dmp_set_shake_reject_timeout
                0x080059e8       0x2c CMakeFiles/BalanceCar_Mini.elf.dir/User/inv_mpu_dmp_motion_driver.c.obj
                0x080059e8                dmp_set_shake_reject_timeout
 .text.dmp_enable_gyro_cal
                0x08005a14       0x44 CMakeFiles/BalanceCar_Mini.elf.dir/User/inv_mpu_dmp_motion_driver.c.obj
                0x08005a14                dmp_enable_gyro_cal
 .text.dmp_enable_lp_quat
                0x08005a58       0x3c CMakeFiles/BalanceCar_Mini.elf.dir/User/inv_mpu_dmp_motion_driver.c.obj
                0x08005a58                dmp_enable_lp_quat
 .text.dmp_enable_6x_lp_quat
                0x08005a94       0x3c CMakeFiles/BalanceCar_Mini.elf.dir/User/inv_mpu_dmp_motion_driver.c.obj
                0x08005a94                dmp_enable_6x_lp_quat
 .text.dmp_enable_feature
                0x08005ad0      0x218 CMakeFiles/BalanceCar_Mini.elf.dir/User/inv_mpu_dmp_motion_driver.c.obj
                0x08005ad0                dmp_enable_feature
 .text.JTAG_Set
                0x08005ce8       0x28 CMakeFiles/BalanceCar_Mini.elf.dir/User/sys.c.obj
                0x08005ce8                JTAG_Set
 .text.Reset_Handler
                0x08005d10       0x48 CMakeFiles/BalanceCar_Mini.elf.dir/startup/startup_stm32f103xb.s.obj
                0x08005d10                Reset_Handler
 .text.Default_Handler
                0x08005d58        0x2 CMakeFiles/BalanceCar_Mini.elf.dir/startup/startup_stm32f103xb.s.obj
                0x08005d58                RTC_Alarm_IRQHandler
                0x08005d58                EXTI2_IRQHandler
                0x08005d58                TIM1_CC_IRQHandler
                0x08005d58                PVD_IRQHandler
                0x08005d58                EXTI3_IRQHandler
                0x08005d58                EXTI0_IRQHandler
                0x08005d58                I2C2_EV_IRQHandler
                0x08005d58                ADC1_2_IRQHandler
                0x08005d58                SPI1_IRQHandler
                0x08005d58                TAMPER_IRQHandler
                0x08005d58                DMA1_Channel4_IRQHandler
                0x08005d58                USART3_IRQHandler
                0x08005d58                RTC_IRQHandler
                0x08005d58                DMA1_Channel7_IRQHandler
                0x08005d58                CAN1_RX1_IRQHandler
                0x08005d58                TIM4_IRQHandler
                0x08005d58                I2C1_EV_IRQHandler
                0x08005d58                DMA1_Channel6_IRQHandler
                0x08005d58                TIM3_IRQHandler
                0x08005d58                RCC_IRQHandler
                0x08005d58                TIM1_TRG_COM_IRQHandler
                0x08005d58                DMA1_Channel1_IRQHandler
                0x08005d58                Default_Handler
                0x08005d58                EXTI9_5_IRQHandler
                0x08005d58                SPI2_IRQHandler
                0x08005d58                DMA1_Channel5_IRQHandler
                0x08005d58                EXTI4_IRQHandler
                0x08005d58                USB_LP_CAN1_RX0_IRQHandler
                0x08005d58                USB_HP_CAN1_TX_IRQHandler
                0x08005d58                DMA1_Channel3_IRQHandler
                0x08005d58                TIM1_UP_IRQHandler
                0x08005d58                WWDG_IRQHandler
                0x08005d58                TIM2_IRQHandler
                0x08005d58                TIM1_BRK_IRQHandler
                0x08005d58                EXTI1_IRQHandler
                0x08005d58                USART2_IRQHandler
                0x08005d58                I2C2_ER_IRQHandler
                0x08005d58                DMA1_Channel2_IRQHandler
                0x08005d58                CAN1_SCE_IRQHandler
                0x08005d58                FLASH_IRQHandler
                0x08005d58                USART1_IRQHandler
                0x08005d58                I2C1_ER_IRQHandler
                0x08005d58                USBWakeUp_IRQHandler
 *fill*         0x08005d5a        0x2 
 .text.__errno  0x08005d5c        0xc d:/tool/gcc-arm-none-eabi-10.3-2021.10/bin/../lib/gcc/arm-none-eabi/10.3.1/../../../../arm-none-eabi/lib/thumb/v7-m/nofp\libg.a(lib_a-errno.o)
                0x08005d5c                __errno
 .text.__libc_init_array
                0x08005d68       0x48 d:/tool/gcc-arm-none-eabi-10.3-2021.10/bin/../lib/gcc/arm-none-eabi/10.3.1/../../../../arm-none-eabi/lib/thumb/v7-m/nofp\libg.a(lib_a-init.o)
                0x08005d68                __libc_init_array
 .text.memcmp   0x08005db0       0x68 d:/tool/gcc-arm-none-eabi-10.3-2021.10/bin/../lib/gcc/arm-none-eabi/10.3.1/../../../../arm-none-eabi/lib/thumb/v7-m/nofp\libg.a(lib_a-memcmp.o)
                0x08005db0                memcmp
 .text.memset   0x08005e18       0xa4 d:/tool/gcc-arm-none-eabi-10.3-2021.10/bin/../lib/gcc/arm-none-eabi/10.3.1/../../../../arm-none-eabi/lib/thumb/v7-m/nofp\libg.a(lib_a-memset.o)
                0x08005e18                memset
 .text.printf   0x08005ebc       0x28 d:/tool/gcc-arm-none-eabi-10.3-2021.10/bin/../lib/gcc/arm-none-eabi/10.3.1/../../../../arm-none-eabi/lib/thumb/v7-m/nofp\libg.a(lib_a-printf.o)
                0x08005ebc                printf
 .text._puts_r  0x08005ee4       0x9c d:/tool/gcc-arm-none-eabi-10.3-2021.10/bin/../lib/gcc/arm-none-eabi/10.3.1/../../../../arm-none-eabi/lib/thumb/v7-m/nofp\libg.a(lib_a-puts.o)
                0x08005ee4                _puts_r
 .text.puts     0x08005f80       0x10 d:/tool/gcc-arm-none-eabi-10.3-2021.10/bin/../lib/gcc/arm-none-eabi/10.3.1/../../../../arm-none-eabi/lib/thumb/v7-m/nofp\libg.a(lib_a-puts.o)
                0x08005f80                puts
 .text.strlen   0x08005f90       0x5c d:/tool/gcc-arm-none-eabi-10.3-2021.10/bin/../lib/gcc/arm-none-eabi/10.3.1/../../../../arm-none-eabi/lib/thumb/v7-m/nofp\libg.a(lib_a-strlen-stub.o)
                0x08005f90                strlen
 .text._vfprintf_r
                0x08005fec     0x1b58 d:/tool/gcc-arm-none-eabi-10.3-2021.10/bin/../lib/gcc/arm-none-eabi/10.3.1/../../../../arm-none-eabi/lib/thumb/v7-m/nofp\libg.a(lib_a-vfprintf.o)
                0x08005fec                _vfprintf_r
 .text.__sbprintf
                0x08007b44       0x84 d:/tool/gcc-arm-none-eabi-10.3-2021.10/bin/../lib/gcc/arm-none-eabi/10.3.1/../../../../arm-none-eabi/lib/thumb/v7-m/nofp\libg.a(lib_a-vfprintf.o)
 .text.__swsetup_r
                0x08007bc8       0xd4 d:/tool/gcc-arm-none-eabi-10.3-2021.10/bin/../lib/gcc/arm-none-eabi/10.3.1/../../../../arm-none-eabi/lib/thumb/v7-m/nofp\libg.a(lib_a-wsetup.o)
                0x08007bc8                __swsetup_r
 .text.startup.register_fini
                0x08007c9c       0x14 d:/tool/gcc-arm-none-eabi-10.3-2021.10/bin/../lib/gcc/arm-none-eabi/10.3.1/../../../../arm-none-eabi/lib/thumb/v7-m/nofp\libg.a(lib_a-__call_atexit.o)
 .text.atexit   0x08007cb0        0xc d:/tool/gcc-arm-none-eabi-10.3-2021.10/bin/../lib/gcc/arm-none-eabi/10.3.1/../../../../arm-none-eabi/lib/thumb/v7-m/nofp\libg.a(lib_a-atexit.o)
                0x08007cb0                atexit
 .text.quorem   0x08007cbc      0x12c d:/tool/gcc-arm-none-eabi-10.3-2021.10/bin/../lib/gcc/arm-none-eabi/10.3.1/../../../../arm-none-eabi/lib/thumb/v7-m/nofp\libg.a(lib_a-dtoa.o)
 .text._dtoa_r  0x08007de8      0xecc d:/tool/gcc-arm-none-eabi-10.3-2021.10/bin/../lib/gcc/arm-none-eabi/10.3.1/../../../../arm-none-eabi/lib/thumb/v7-m/nofp\libg.a(lib_a-dtoa.o)
                0x08007de8                _dtoa_r
 .text.__sflush_r
                0x08008cb4      0x124 d:/tool/gcc-arm-none-eabi-10.3-2021.10/bin/../lib/gcc/arm-none-eabi/10.3.1/../../../../arm-none-eabi/lib/thumb/v7-m/nofp\libg.a(lib_a-fflush.o)
                0x08008cb4                __sflush_r
 .text._fflush_r
                0x08008dd8       0x5c d:/tool/gcc-arm-none-eabi-10.3-2021.10/bin/../lib/gcc/arm-none-eabi/10.3.1/../../../../arm-none-eabi/lib/thumb/v7-m/nofp\libg.a(lib_a-fflush.o)
                0x08008dd8                _fflush_r
 .text._cleanup_r
                0x08008e34        0xc d:/tool/gcc-arm-none-eabi-10.3-2021.10/bin/../lib/gcc/arm-none-eabi/10.3.1/../../../../arm-none-eabi/lib/thumb/v7-m/nofp\libg.a(lib_a-findfp.o)
                0x08008e34                _cleanup_r
 .text.__sinit  0x08008e40      0x10c d:/tool/gcc-arm-none-eabi-10.3-2021.10/bin/../lib/gcc/arm-none-eabi/10.3.1/../../../../arm-none-eabi/lib/thumb/v7-m/nofp\libg.a(lib_a-findfp.o)
                0x08008e40                __sinit
 .text.__sfp_lock_acquire
                0x08008f4c        0xc d:/tool/gcc-arm-none-eabi-10.3-2021.10/bin/../lib/gcc/arm-none-eabi/10.3.1/../../../../arm-none-eabi/lib/thumb/v7-m/nofp\libg.a(lib_a-findfp.o)
                0x08008f4c                __sfp_lock_acquire
 .text.__sfp_lock_release
                0x08008f58        0xc d:/tool/gcc-arm-none-eabi-10.3-2021.10/bin/../lib/gcc/arm-none-eabi/10.3.1/../../../../arm-none-eabi/lib/thumb/v7-m/nofp\libg.a(lib_a-findfp.o)
                0x08008f58                __sfp_lock_release
 .text.__libc_fini_array
                0x08008f64       0x2c d:/tool/gcc-arm-none-eabi-10.3-2021.10/bin/../lib/gcc/arm-none-eabi/10.3.1/../../../../arm-none-eabi/lib/thumb/v7-m/nofp\libg.a(lib_a-fini.o)
                0x08008f64                __libc_fini_array
 .text._malloc_trim_r
                0x08008f90       0xa0 d:/tool/gcc-arm-none-eabi-10.3-2021.10/bin/../lib/gcc/arm-none-eabi/10.3.1/../../../../arm-none-eabi/lib/thumb/v7-m/nofp\libg.a(lib_a-freer.o)
                0x08008f90                _malloc_trim_r
 .text._free_r  0x08009030      0x200 d:/tool/gcc-arm-none-eabi-10.3-2021.10/bin/../lib/gcc/arm-none-eabi/10.3.1/../../../../arm-none-eabi/lib/thumb/v7-m/nofp\libg.a(lib_a-freer.o)
                0x08009030                _free_r
 .text.__sfvwrite_r
                0x08009230      0x2f0 d:/tool/gcc-arm-none-eabi-10.3-2021.10/bin/../lib/gcc/arm-none-eabi/10.3.1/../../../../arm-none-eabi/lib/thumb/v7-m/nofp\libg.a(lib_a-fvwrite.o)
                0x08009230                __sfvwrite_r
 .text._fwalk_reent
                0x08009520       0x48 d:/tool/gcc-arm-none-eabi-10.3-2021.10/bin/../lib/gcc/arm-none-eabi/10.3.1/../../../../arm-none-eabi/lib/thumb/v7-m/nofp\libg.a(lib_a-fwalk.o)
                0x08009520                _fwalk_reent
 .text._localeconv_r
                0x08009568        0x8 d:/tool/gcc-arm-none-eabi-10.3-2021.10/bin/../lib/gcc/arm-none-eabi/10.3.1/../../../../arm-none-eabi/lib/thumb/v7-m/nofp\libg.a(lib_a-localeconv.o)
                0x08009568                _localeconv_r
 .text.__retarget_lock_init_recursive
                0x08009570        0x4 d:/tool/gcc-arm-none-eabi-10.3-2021.10/bin/../lib/gcc/arm-none-eabi/10.3.1/../../../../arm-none-eabi/lib/thumb/v7-m/nofp\libg.a(lib_a-lock.o)
                0x08009570                __retarget_lock_init_recursive
 .text.__retarget_lock_close_recursive
                0x08009574        0x4 d:/tool/gcc-arm-none-eabi-10.3-2021.10/bin/../lib/gcc/arm-none-eabi/10.3.1/../../../../arm-none-eabi/lib/thumb/v7-m/nofp\libg.a(lib_a-lock.o)
                0x08009574                __retarget_lock_close_recursive
 .text.__retarget_lock_acquire_recursive
                0x08009578        0x4 d:/tool/gcc-arm-none-eabi-10.3-2021.10/bin/../lib/gcc/arm-none-eabi/10.3.1/../../../../arm-none-eabi/lib/thumb/v7-m/nofp\libg.a(lib_a-lock.o)
                0x08009578                __retarget_lock_acquire_recursive
 .text.__retarget_lock_release_recursive
                0x0800957c        0x4 d:/tool/gcc-arm-none-eabi-10.3-2021.10/bin/../lib/gcc/arm-none-eabi/10.3.1/../../../../arm-none-eabi/lib/thumb/v7-m/nofp\libg.a(lib_a-lock.o)
                0x0800957c                __retarget_lock_release_recursive
 .text.__smakebuf_r
                0x08009580       0xe0 d:/tool/gcc-arm-none-eabi-10.3-2021.10/bin/../lib/gcc/arm-none-eabi/10.3.1/../../../../arm-none-eabi/lib/thumb/v7-m/nofp\libg.a(lib_a-makebuf.o)
                0x08009580                __smakebuf_r
 .text._malloc_r
                0x08009660      0x558 d:/tool/gcc-arm-none-eabi-10.3-2021.10/bin/../lib/gcc/arm-none-eabi/10.3.1/../../../../arm-none-eabi/lib/thumb/v7-m/nofp\libg.a(lib_a-mallocr.o)
                0x08009660                _malloc_r
 .text.memchr   0x08009bb8       0x90 d:/tool/gcc-arm-none-eabi-10.3-2021.10/bin/../lib/gcc/arm-none-eabi/10.3.1/../../../../arm-none-eabi/lib/thumb/v7-m/nofp\libg.a(lib_a-memchr-stub.o)
                0x08009bb8                memchr
 .text.memmove  0x08009c48       0xf8 d:/tool/gcc-arm-none-eabi-10.3-2021.10/bin/../lib/gcc/arm-none-eabi/10.3.1/../../../../arm-none-eabi/lib/thumb/v7-m/nofp\libg.a(lib_a-memmove.o)
                0x08009c48                memmove
 .text.__malloc_lock
                0x08009d40        0xc d:/tool/gcc-arm-none-eabi-10.3-2021.10/bin/../lib/gcc/arm-none-eabi/10.3.1/../../../../arm-none-eabi/lib/thumb/v7-m/nofp\libg.a(lib_a-mlock.o)
                0x08009d40                __malloc_lock
 .text.__malloc_unlock
                0x08009d4c        0xc d:/tool/gcc-arm-none-eabi-10.3-2021.10/bin/../lib/gcc/arm-none-eabi/10.3.1/../../../../arm-none-eabi/lib/thumb/v7-m/nofp\libg.a(lib_a-mlock.o)
                0x08009d4c                __malloc_unlock
 .text._Balloc  0x08009d58       0x4c d:/tool/gcc-arm-none-eabi-10.3-2021.10/bin/../lib/gcc/arm-none-eabi/10.3.1/../../../../arm-none-eabi/lib/thumb/v7-m/nofp\libg.a(lib_a-mprec.o)
                0x08009d58                _Balloc
 .text._Bfree   0x08009da4       0x14 d:/tool/gcc-arm-none-eabi-10.3-2021.10/bin/../lib/gcc/arm-none-eabi/10.3.1/../../../../arm-none-eabi/lib/thumb/v7-m/nofp\libg.a(lib_a-mprec.o)
                0x08009da4                _Bfree
 .text.__multadd
                0x08009db8       0xa4 d:/tool/gcc-arm-none-eabi-10.3-2021.10/bin/../lib/gcc/arm-none-eabi/10.3.1/../../../../arm-none-eabi/lib/thumb/v7-m/nofp\libg.a(lib_a-mprec.o)
                0x08009db8                __multadd
 .text.__hi0bits
                0x08009e5c       0x40 d:/tool/gcc-arm-none-eabi-10.3-2021.10/bin/../lib/gcc/arm-none-eabi/10.3.1/../../../../arm-none-eabi/lib/thumb/v7-m/nofp\libg.a(lib_a-mprec.o)
                0x08009e5c                __hi0bits
 .text.__lo0bits
                0x08009e9c       0x58 d:/tool/gcc-arm-none-eabi-10.3-2021.10/bin/../lib/gcc/arm-none-eabi/10.3.1/../../../../arm-none-eabi/lib/thumb/v7-m/nofp\libg.a(lib_a-mprec.o)
                0x08009e9c                __lo0bits
 .text.__i2b    0x08009ef4       0x5c d:/tool/gcc-arm-none-eabi-10.3-2021.10/bin/../lib/gcc/arm-none-eabi/10.3.1/../../../../arm-none-eabi/lib/thumb/v7-m/nofp\libg.a(lib_a-mprec.o)
                0x08009ef4                __i2b
 .text.__multiply
                0x08009f50      0x15c d:/tool/gcc-arm-none-eabi-10.3-2021.10/bin/../lib/gcc/arm-none-eabi/10.3.1/../../../../arm-none-eabi/lib/thumb/v7-m/nofp\libg.a(lib_a-mprec.o)
                0x08009f50                __multiply
 .text.__pow5mult
                0x0800a0ac       0xb8 d:/tool/gcc-arm-none-eabi-10.3-2021.10/bin/../lib/gcc/arm-none-eabi/10.3.1/../../../../arm-none-eabi/lib/thumb/v7-m/nofp\libg.a(lib_a-mprec.o)
                0x0800a0ac                __pow5mult
 .text.__lshift
                0x0800a164       0xec d:/tool/gcc-arm-none-eabi-10.3-2021.10/bin/../lib/gcc/arm-none-eabi/10.3.1/../../../../arm-none-eabi/lib/thumb/v7-m/nofp\libg.a(lib_a-mprec.o)
                0x0800a164                __lshift
 .text.__mcmp   0x0800a250       0x40 d:/tool/gcc-arm-none-eabi-10.3-2021.10/bin/../lib/gcc/arm-none-eabi/10.3.1/../../../../arm-none-eabi/lib/thumb/v7-m/nofp\libg.a(lib_a-mprec.o)
                0x0800a250                __mcmp
 .text.__mdiff  0x0800a290      0x14c d:/tool/gcc-arm-none-eabi-10.3-2021.10/bin/../lib/gcc/arm-none-eabi/10.3.1/../../../../arm-none-eabi/lib/thumb/v7-m/nofp\libg.a(lib_a-mprec.o)
                0x0800a290                __mdiff
 .text.__d2b    0x0800a3dc       0xc4 d:/tool/gcc-arm-none-eabi-10.3-2021.10/bin/../lib/gcc/arm-none-eabi/10.3.1/../../../../arm-none-eabi/lib/thumb/v7-m/nofp\libg.a(lib_a-mprec.o)
                0x0800a3dc                __d2b
 .text._realloc_r
                0x0800a4a0      0x3dc d:/tool/gcc-arm-none-eabi-10.3-2021.10/bin/../lib/gcc/arm-none-eabi/10.3.1/../../../../arm-none-eabi/lib/thumb/v7-m/nofp\libg.a(lib_a-reallocr.o)
                0x0800a4a0                _realloc_r
 .text.frexp    0x0800a87c       0x70 d:/tool/gcc-arm-none-eabi-10.3-2021.10/bin/../lib/gcc/arm-none-eabi/10.3.1/../../../../arm-none-eabi/lib/thumb/v7-m/nofp\libg.a(lib_a-s_frexp.o)
                0x0800a87c                frexp
 .text._sbrk_r  0x0800a8ec       0x24 d:/tool/gcc-arm-none-eabi-10.3-2021.10/bin/../lib/gcc/arm-none-eabi/10.3.1/../../../../arm-none-eabi/lib/thumb/v7-m/nofp\libg.a(lib_a-sbrkr.o)
                0x0800a8ec                _sbrk_r
 .text.__sread  0x0800a910       0x24 d:/tool/gcc-arm-none-eabi-10.3-2021.10/bin/../lib/gcc/arm-none-eabi/10.3.1/../../../../arm-none-eabi/lib/thumb/v7-m/nofp\libg.a(lib_a-stdio.o)
                0x0800a910                __sread
 .text.__swrite
                0x0800a934       0x40 d:/tool/gcc-arm-none-eabi-10.3-2021.10/bin/../lib/gcc/arm-none-eabi/10.3.1/../../../../arm-none-eabi/lib/thumb/v7-m/nofp\libg.a(lib_a-stdio.o)
                0x0800a934                __swrite
 .text.__sseek  0x0800a974       0x20 d:/tool/gcc-arm-none-eabi-10.3-2021.10/bin/../lib/gcc/arm-none-eabi/10.3.1/../../../../arm-none-eabi/lib/thumb/v7-m/nofp\libg.a(lib_a-stdio.o)
                0x0800a974                __sseek
 .text.__sclose
                0x0800a994        0x8 d:/tool/gcc-arm-none-eabi-10.3-2021.10/bin/../lib/gcc/arm-none-eabi/10.3.1/../../../../arm-none-eabi/lib/thumb/v7-m/nofp\libg.a(lib_a-stdio.o)
                0x0800a994                __sclose
 .text.strncpy  0x0800a99c       0x68 d:/tool/gcc-arm-none-eabi-10.3-2021.10/bin/../lib/gcc/arm-none-eabi/10.3.1/../../../../arm-none-eabi/lib/thumb/v7-m/nofp\libg.a(lib_a-strncpy.o)
                0x0800a99c                strncpy
 .text.__sprint_r.part.0
                0x0800aa04       0x78 d:/tool/gcc-arm-none-eabi-10.3-2021.10/bin/../lib/gcc/arm-none-eabi/10.3.1/../../../../arm-none-eabi/lib/thumb/v7-m/nofp\libg.a(lib_a-vfiprintf.o)
 .text.__sprint_r
                0x0800aa7c       0x14 d:/tool/gcc-arm-none-eabi-10.3-2021.10/bin/../lib/gcc/arm-none-eabi/10.3.1/../../../../arm-none-eabi/lib/thumb/v7-m/nofp\libg.a(lib_a-vfiprintf.o)
                0x0800aa7c                __sprint_r
 .text._vfiprintf_r
                0x0800aa90      0xd98 d:/tool/gcc-arm-none-eabi-10.3-2021.10/bin/../lib/gcc/arm-none-eabi/10.3.1/../../../../arm-none-eabi/lib/thumb/v7-m/nofp\libg.a(lib_a-vfiprintf.o)
                0x0800aa90                _vfiprintf_r
 .text.__sbprintf
                0x0800b828       0x84 d:/tool/gcc-arm-none-eabi-10.3-2021.10/bin/../lib/gcc/arm-none-eabi/10.3.1/../../../../arm-none-eabi/lib/thumb/v7-m/nofp\libg.a(lib_a-vfiprintf.o)
 .text._write_r
                0x0800b8ac       0x2c d:/tool/gcc-arm-none-eabi-10.3-2021.10/bin/../lib/gcc/arm-none-eabi/10.3.1/../../../../arm-none-eabi/lib/thumb/v7-m/nofp\libg.a(lib_a-writer.o)
                0x0800b8ac                _write_r
 .text.__register_exitproc
                0x0800b8d8       0x8c d:/tool/gcc-arm-none-eabi-10.3-2021.10/bin/../lib/gcc/arm-none-eabi/10.3.1/../../../../arm-none-eabi/lib/thumb/v7-m/nofp\libg.a(lib_a-__atexit.o)
                0x0800b8d8                __register_exitproc
 .text.__assert_func
                0x0800b964       0x40 d:/tool/gcc-arm-none-eabi-10.3-2021.10/bin/../lib/gcc/arm-none-eabi/10.3.1/../../../../arm-none-eabi/lib/thumb/v7-m/nofp\libg.a(lib_a-assert.o)
                0x0800b964                __assert_func
 .text._calloc_r
                0x0800b9a4       0x78 d:/tool/gcc-arm-none-eabi-10.3-2021.10/bin/../lib/gcc/arm-none-eabi/10.3.1/../../../../arm-none-eabi/lib/thumb/v7-m/nofp\libg.a(lib_a-callocr.o)
                0x0800b9a4                _calloc_r
 .text._close_r
                0x0800ba1c       0x24 d:/tool/gcc-arm-none-eabi-10.3-2021.10/bin/../lib/gcc/arm-none-eabi/10.3.1/../../../../arm-none-eabi/lib/thumb/v7-m/nofp\libg.a(lib_a-closer.o)
                0x0800ba1c                _close_r
 .text._fclose_r
                0x0800ba40       0xcc d:/tool/gcc-arm-none-eabi-10.3-2021.10/bin/../lib/gcc/arm-none-eabi/10.3.1/../../../../arm-none-eabi/lib/thumb/v7-m/nofp\libg.a(lib_a-fclose.o)
                0x0800ba40                _fclose_r
 .text.fiprintf
                0x0800bb0c       0x28 d:/tool/gcc-arm-none-eabi-10.3-2021.10/bin/../lib/gcc/arm-none-eabi/10.3.1/../../../../arm-none-eabi/lib/thumb/v7-m/nofp\libg.a(lib_a-fiprintf.o)
                0x0800bb0c                fiprintf
 .text.__fputwc
                0x0800bb34       0xa0 d:/tool/gcc-arm-none-eabi-10.3-2021.10/bin/../lib/gcc/arm-none-eabi/10.3.1/../../../../arm-none-eabi/lib/thumb/v7-m/nofp\libg.a(lib_a-fputwc.o)
                0x0800bb34                __fputwc
 .text._fputwc_r
                0x0800bbd4       0x68 d:/tool/gcc-arm-none-eabi-10.3-2021.10/bin/../lib/gcc/arm-none-eabi/10.3.1/../../../../arm-none-eabi/lib/thumb/v7-m/nofp\libg.a(lib_a-fputwc.o)
                0x0800bbd4                _fputwc_r
 .text._fstat_r
                0x0800bc3c       0x28 d:/tool/gcc-arm-none-eabi-10.3-2021.10/bin/../lib/gcc/arm-none-eabi/10.3.1/../../../../arm-none-eabi/lib/thumb/v7-m/nofp\libg.a(lib_a-fstatr.o)
                0x0800bc3c                _fstat_r
 .text._isatty_r
                0x0800bc64       0x24 d:/tool/gcc-arm-none-eabi-10.3-2021.10/bin/../lib/gcc/arm-none-eabi/10.3.1/../../../../arm-none-eabi/lib/thumb/v7-m/nofp\libg.a(lib_a-isattyr.o)
                0x0800bc64                _isatty_r
 .text.__locale_mb_cur_max
                0x0800bc88        0xc d:/tool/gcc-arm-none-eabi-10.3-2021.10/bin/../lib/gcc/arm-none-eabi/10.3.1/../../../../arm-none-eabi/lib/thumb/v7-m/nofp\libg.a(lib_a-locale.o)
                0x0800bc88                __locale_mb_cur_max
 .text._lseek_r
                0x0800bc94       0x2c d:/tool/gcc-arm-none-eabi-10.3-2021.10/bin/../lib/gcc/arm-none-eabi/10.3.1/../../../../arm-none-eabi/lib/thumb/v7-m/nofp\libg.a(lib_a-lseekr.o)
                0x0800bc94                _lseek_r
 .text.__ascii_mbtowc
                0x0800bcc0       0x2c d:/tool/gcc-arm-none-eabi-10.3-2021.10/bin/../lib/gcc/arm-none-eabi/10.3.1/../../../../arm-none-eabi/lib/thumb/v7-m/nofp\libg.a(lib_a-mbtowc_r.o)
                0x0800bcc0                __ascii_mbtowc
 .text._read_r  0x0800bcec       0x2c d:/tool/gcc-arm-none-eabi-10.3-2021.10/bin/../lib/gcc/arm-none-eabi/10.3.1/../../../../arm-none-eabi/lib/thumb/v7-m/nofp\libg.a(lib_a-readr.o)
                0x0800bcec                _read_r
 .text.__swbuf_r
                0x0800bd18       0xb0 d:/tool/gcc-arm-none-eabi-10.3-2021.10/bin/../lib/gcc/arm-none-eabi/10.3.1/../../../../arm-none-eabi/lib/thumb/v7-m/nofp\libg.a(lib_a-wbuf.o)
                0x0800bd18                __swbuf_r
 .text._wcrtomb_r
                0x0800bdc8       0x3c d:/tool/gcc-arm-none-eabi-10.3-2021.10/bin/../lib/gcc/arm-none-eabi/10.3.1/../../../../arm-none-eabi/lib/thumb/v7-m/nofp\libg.a(lib_a-wcrtomb.o)
                0x0800bdc8                _wcrtomb_r
 .text.__ascii_wctomb
                0x0800be04       0x1c d:/tool/gcc-arm-none-eabi-10.3-2021.10/bin/../lib/gcc/arm-none-eabi/10.3.1/../../../../arm-none-eabi/lib/thumb/v7-m/nofp\libg.a(lib_a-wctomb_r.o)
                0x0800be04                __ascii_wctomb
 .text.abort    0x0800be20       0x10 d:/tool/gcc-arm-none-eabi-10.3-2021.10/bin/../lib/gcc/arm-none-eabi/10.3.1/../../../../arm-none-eabi/lib/thumb/v7-m/nofp\libg.a(lib_a-abort.o)
                0x0800be20                abort
 .text.raise    0x0800be30       0x5c d:/tool/gcc-arm-none-eabi-10.3-2021.10/bin/../lib/gcc/arm-none-eabi/10.3.1/../../../../arm-none-eabi/lib/thumb/v7-m/nofp\libg.a(lib_a-signal.o)
                0x0800be30                raise
 .text._kill_r  0x0800be8c       0x28 d:/tool/gcc-arm-none-eabi-10.3-2021.10/bin/../lib/gcc/arm-none-eabi/10.3.1/../../../../arm-none-eabi/lib/thumb/v7-m/nofp\libg.a(lib_a-signalr.o)
                0x0800be8c                _kill_r
 .text._getpid_r
                0x0800beb4        0x4 d:/tool/gcc-arm-none-eabi-10.3-2021.10/bin/../lib/gcc/arm-none-eabi/10.3.1/../../../../arm-none-eabi/lib/thumb/v7-m/nofp\libg.a(lib_a-signalr.o)
                0x0800beb4                _getpid_r
 .text.atan2    0x0800beb8        0x4 d:/tool/gcc-arm-none-eabi-10.3-2021.10/bin/../lib/gcc/arm-none-eabi/10.3.1/../../../../arm-none-eabi/lib/thumb/v7-m/nofp\libm.a(lib_a-w_atan2.o)
                0x0800beb8                atan2
 *fill*         0x0800bebc        0x4 
 .text.__ieee754_atan2
                0x0800bec0      0x194 d:/tool/gcc-arm-none-eabi-10.3-2021.10/bin/../lib/gcc/arm-none-eabi/10.3.1/../../../../arm-none-eabi/lib/thumb/v7-m/nofp\libm.a(lib_a-e_atan2.o)
                0x0800bec0                __ieee754_atan2
 *fill*         0x0800c054        0x4 
 .text.atan     0x0800c058      0x31c d:/tool/gcc-arm-none-eabi-10.3-2021.10/bin/../lib/gcc/arm-none-eabi/10.3.1/../../../../arm-none-eabi/lib/thumb/v7-m/nofp\libm.a(lib_a-s_atan.o)
                0x0800c058                atan
 .text.fabs     0x0800c374        0x8 d:/tool/gcc-arm-none-eabi-10.3-2021.10/bin/../lib/gcc/arm-none-eabi/10.3.1/../../../../arm-none-eabi/lib/thumb/v7-m/nofp\libm.a(lib_a-s_fabs.o)
                0x0800c374                fabs
 *(.glue_7)
 .glue_7        0x0800c37c        0x0 linker stubs
 *(.glue_7t)
 .glue_7t       0x0800c37c        0x0 linker stubs
 *(.eh_frame)
 .eh_frame      0x0800c37c        0x0 d:/tool/gcc-arm-none-eabi-10.3-2021.10/bin/../lib/gcc/arm-none-eabi/10.3.1/thumb/v7-m/nofp/crtbegin.o
 *(.init)
 .init          0x0800c37c        0x4 d:/tool/gcc-arm-none-eabi-10.3-2021.10/bin/../lib/gcc/arm-none-eabi/10.3.1/thumb/v7-m/nofp/crti.o
                0x0800c37c                _init
 .init          0x0800c380        0x8 d:/tool/gcc-arm-none-eabi-10.3-2021.10/bin/../lib/gcc/arm-none-eabi/10.3.1/thumb/v7-m/nofp/crtn.o
 *(.fini)
 .fini          0x0800c388        0x4 d:/tool/gcc-arm-none-eabi-10.3-2021.10/bin/../lib/gcc/arm-none-eabi/10.3.1/thumb/v7-m/nofp/crti.o
                0x0800c388                _fini
 .fini          0x0800c38c        0x8 d:/tool/gcc-arm-none-eabi-10.3-2021.10/bin/../lib/gcc/arm-none-eabi/10.3.1/thumb/v7-m/nofp/crtn.o
                0x0800c394                . = ALIGN (0x4)
                0x0800c394                _etext = .

.vfp11_veneer   0x0800c394        0x0
 .vfp11_veneer  0x0800c394        0x0 linker stubs

.v4_bx          0x0800c394        0x0
 .v4_bx         0x0800c394        0x0 linker stubs

.iplt           0x0800c394        0x0
 .iplt          0x0800c394        0x0 d:/tool/gcc-arm-none-eabi-10.3-2021.10/bin/../lib/gcc/arm-none-eabi/10.3.1/thumb/v7-m/nofp/crtbegin.o

.rodata         0x0800c398     0x11a8
                0x0800c398                . = ALIGN (0x4)
 *(.rodata)
 *(.rodata*)
 .rodata.AHBPrescTable
                0x0800c398       0x10 CMakeFiles/BalanceCar_Mini.elf.dir/Core/Src/system_stm32f1xx.c.obj
                0x0800c398                AHBPrescTable
 .rodata.HAL_RCC_GetSysClockFreq.str1.4
                0x0800c3a8       0x11 CMakeFiles/BalanceCar_Mini.elf.dir/Drivers/STM32F1xx_HAL_Driver/Src/stm32f1xx_hal_rcc.c.obj
 *fill*         0x0800c3b9        0x3 
 .rodata.mpu_init.str1.4
                0x0800c3bc       0x96 CMakeFiles/BalanceCar_Mini.elf.dir/User/inv_mpu.c.obj
 *fill*         0x0800c452        0x2 
 .rodata.hw     0x0800c454        0xc CMakeFiles/BalanceCar_Mini.elf.dir/User/inv_mpu.c.obj
                0x0800c454                hw
 .rodata.reg    0x0800c460       0x1b CMakeFiles/BalanceCar_Mini.elf.dir/User/inv_mpu.c.obj
                0x0800c460                reg
 *fill*         0x0800c47b        0x1 
 .rodata.test   0x0800c47c       0x28 CMakeFiles/BalanceCar_Mini.elf.dir/User/inv_mpu.c.obj
                0x0800c47c                test
 .rodata.dmp_set_orientation.str1.4
                0x0800c4a4       0x10 CMakeFiles/BalanceCar_Mini.elf.dir/User/inv_mpu_dmp_motion_driver.c.obj
 .rodata.dmp_set_fifo_rate.str1.4
                0x0800c4b4        0xd CMakeFiles/BalanceCar_Mini.elf.dir/User/inv_mpu_dmp_motion_driver.c.obj
 *fill*         0x0800c4c1        0x3 
 .rodata.dmp_enable_gyro_cal.str1.4
                0x0800c4c4       0x16 CMakeFiles/BalanceCar_Mini.elf.dir/User/inv_mpu_dmp_motion_driver.c.obj
 *fill*         0x0800c4da        0x2 
 .rodata.dmp_memory
                0x0800c4dc      0xbf6 CMakeFiles/BalanceCar_Mini.elf.dir/User/inv_mpu_dmp_motion_driver.c.obj
 *fill*         0x0800d0d2        0x2 
 .rodata._global_impure_ptr
                0x0800d0d4        0x4 d:/tool/gcc-arm-none-eabi-10.3-2021.10/bin/../lib/gcc/arm-none-eabi/10.3.1/../../../../arm-none-eabi/lib/thumb/v7-m/nofp\libg.a(lib_a-impure.o)
                0x0800d0d4                _global_impure_ptr
 .rodata._puts_r.str1.4
                0x0800d0d8       0x16 d:/tool/gcc-arm-none-eabi-10.3-2021.10/bin/../lib/gcc/arm-none-eabi/10.3.1/../../../../arm-none-eabi/lib/thumb/v7-m/nofp\libg.a(lib_a-puts.o)
                                  0x2 (size before relaxing)
 .rodata._vfprintf_r.str1.4
                0x0800d0d8       0x42 d:/tool/gcc-arm-none-eabi-10.3-2021.10/bin/../lib/gcc/arm-none-eabi/10.3.1/../../../../arm-none-eabi/lib/thumb/v7-m/nofp\libg.a(lib_a-vfprintf.o)
 *fill*         0x0800d11a        0x2 
 .rodata.blanks.1
                0x0800d11c       0x10 d:/tool/gcc-arm-none-eabi-10.3-2021.10/bin/../lib/gcc/arm-none-eabi/10.3.1/../../../../arm-none-eabi/lib/thumb/v7-m/nofp\libg.a(lib_a-vfprintf.o)
 .rodata.zeroes.0
                0x0800d12c       0x10 d:/tool/gcc-arm-none-eabi-10.3-2021.10/bin/../lib/gcc/arm-none-eabi/10.3.1/../../../../arm-none-eabi/lib/thumb/v7-m/nofp\libg.a(lib_a-vfprintf.o)
 .rodata._dtoa_r.str1.4
                0x0800d13c       0xa2 d:/tool/gcc-arm-none-eabi-10.3-2021.10/bin/../lib/gcc/arm-none-eabi/10.3.1/../../../../arm-none-eabi/lib/thumb/v7-m/nofp\libg.a(lib_a-dtoa.o)
                                 0xa6 (size before relaxing)
 *fill*         0x0800d1de        0x2 
 .rodata.__multadd.str1.4
                0x0800d1e0       0x7f d:/tool/gcc-arm-none-eabi-10.3-2021.10/bin/../lib/gcc/arm-none-eabi/10.3.1/../../../../arm-none-eabi/lib/thumb/v7-m/nofp\libg.a(lib_a-mprec.o)
                                 0x93 (size before relaxing)
 *fill*         0x0800d25f        0x1 
 .rodata.__mprec_bigtens
                0x0800d260       0x28 d:/tool/gcc-arm-none-eabi-10.3-2021.10/bin/../lib/gcc/arm-none-eabi/10.3.1/../../../../arm-none-eabi/lib/thumb/v7-m/nofp\libg.a(lib_a-mprec.o)
                0x0800d260                __mprec_bigtens
 .rodata.__mprec_tens
                0x0800d288       0xc8 d:/tool/gcc-arm-none-eabi-10.3-2021.10/bin/../lib/gcc/arm-none-eabi/10.3.1/../../../../arm-none-eabi/lib/thumb/v7-m/nofp\libg.a(lib_a-mprec.o)
                0x0800d288                __mprec_tens
 .rodata.p05.0  0x0800d350        0xc d:/tool/gcc-arm-none-eabi-10.3-2021.10/bin/../lib/gcc/arm-none-eabi/10.3.1/../../../../arm-none-eabi/lib/thumb/v7-m/nofp\libg.a(lib_a-mprec.o)
 .rodata._vfiprintf_r.str1.4
                0x0800d35c       0x2f d:/tool/gcc-arm-none-eabi-10.3-2021.10/bin/../lib/gcc/arm-none-eabi/10.3.1/../../../../arm-none-eabi/lib/thumb/v7-m/nofp\libg.a(lib_a-vfiprintf.o)
 .rodata.blanks.1
                0x0800d35c       0x10 d:/tool/gcc-arm-none-eabi-10.3-2021.10/bin/../lib/gcc/arm-none-eabi/10.3.1/../../../../arm-none-eabi/lib/thumb/v7-m/nofp\libg.a(lib_a-vfiprintf.o)
 .rodata.zeroes.0
                0x0800d36c       0x10 d:/tool/gcc-arm-none-eabi-10.3-2021.10/bin/../lib/gcc/arm-none-eabi/10.3.1/../../../../arm-none-eabi/lib/thumb/v7-m/nofp\libg.a(lib_a-vfiprintf.o)
 .rodata.__assert_func.str1.4
                0x0800d37c       0x3f d:/tool/gcc-arm-none-eabi-10.3-2021.10/bin/../lib/gcc/arm-none-eabi/10.3.1/../../../../arm-none-eabi/lib/thumb/v7-m/nofp\libg.a(lib_a-assert.o)
                                 0x43 (size before relaxing)
 *fill*         0x0800d3bb        0x1 
 .rodata._setlocale_r.str1.4
                0x0800d3bc        0xa d:/tool/gcc-arm-none-eabi-10.3-2021.10/bin/../lib/gcc/arm-none-eabi/10.3.1/../../../../arm-none-eabi/lib/thumb/v7-m/nofp\libg.a(lib_a-locale.o)
                                  0xd (size before relaxing)
 *fill*         0x0800d3c6        0x2 
 .rodata.str1.4
                0x0800d3c8        0x2 d:/tool/gcc-arm-none-eabi-10.3-2021.10/bin/../lib/gcc/arm-none-eabi/10.3.1/../../../../arm-none-eabi/lib/thumb/v7-m/nofp\libg.a(lib_a-locale.o)
 *fill*         0x0800d3ca        0x2 
 .rodata._ctype_
                0x0800d3cc      0x101 d:/tool/gcc-arm-none-eabi-10.3-2021.10/bin/../lib/gcc/arm-none-eabi/10.3.1/../../../../arm-none-eabi/lib/thumb/v7-m/nofp\libg.a(lib_a-ctype_.o)
                0x0800d3cc                _ctype_
 *fill*         0x0800d4cd        0x3 
 .rodata.CSWTCH.8
                0x0800d4d0       0x18 d:/tool/gcc-arm-none-eabi-10.3-2021.10/bin/../lib/gcc/arm-none-eabi/10.3.1/../../../../arm-none-eabi/lib/thumb/v7-m/nofp\libm.a(lib_a-e_atan2.o)
 .rodata.CSWTCH.9
                0x0800d4e8       0x18 d:/tool/gcc-arm-none-eabi-10.3-2021.10/bin/../lib/gcc/arm-none-eabi/10.3.1/../../../../arm-none-eabi/lib/thumb/v7-m/nofp\libm.a(lib_a-e_atan2.o)
 .rodata.atanhi
                0x0800d500       0x20 d:/tool/gcc-arm-none-eabi-10.3-2021.10/bin/../lib/gcc/arm-none-eabi/10.3.1/../../../../arm-none-eabi/lib/thumb/v7-m/nofp\libm.a(lib_a-s_atan.o)
 .rodata.atanlo
                0x0800d520       0x20 d:/tool/gcc-arm-none-eabi-10.3-2021.10/bin/../lib/gcc/arm-none-eabi/10.3.1/../../../../arm-none-eabi/lib/thumb/v7-m/nofp\libm.a(lib_a-s_atan.o)
                0x0800d540                . = ALIGN (0x4)

.ARM.extab
 *(.ARM.extab* .gnu.linkonce.armextab.*)

.ARM            0x0800d540        0x8
                0x0800d540                __exidx_start = .
 *(.ARM.exidx*)
 .ARM.exidx     0x0800d540        0x8 d:/tool/gcc-arm-none-eabi-10.3-2021.10/bin/../lib/gcc/arm-none-eabi/10.3.1/thumb/v7-m/nofp\libgcc.a(_udivmoddi4.o)
                0x0800d548                __exidx_end = .

.rel.dyn        0x0800d548        0x0
 .rel.iplt      0x0800d548        0x0 d:/tool/gcc-arm-none-eabi-10.3-2021.10/bin/../lib/gcc/arm-none-eabi/10.3.1/thumb/v7-m/nofp/crtbegin.o

.preinit_array  0x0800d548        0x0
                0x0800d548                PROVIDE (__preinit_array_start = .)
 *(.preinit_array*)
                0x0800d548                PROVIDE (__preinit_array_end = .)

.init_array     0x0800d548        0x8
                0x0800d548                PROVIDE (__init_array_start = .)
 *(SORT_BY_NAME(.init_array.*))
 .init_array.00000
                0x0800d548        0x4 d:/tool/gcc-arm-none-eabi-10.3-2021.10/bin/../lib/gcc/arm-none-eabi/10.3.1/../../../../arm-none-eabi/lib/thumb/v7-m/nofp\libg.a(lib_a-__call_atexit.o)
 *(.init_array*)
 .init_array    0x0800d54c        0x4 d:/tool/gcc-arm-none-eabi-10.3-2021.10/bin/../lib/gcc/arm-none-eabi/10.3.1/thumb/v7-m/nofp/crtbegin.o
                0x0800d550                PROVIDE (__init_array_end = .)

.fini_array     0x0800d550        0x4
                0x0800d550                PROVIDE (__fini_array_start = .)
 *(SORT_BY_NAME(.fini_array.*))
 *(.fini_array*)
 .fini_array    0x0800d550        0x4 d:/tool/gcc-arm-none-eabi-10.3-2021.10/bin/../lib/gcc/arm-none-eabi/10.3.1/thumb/v7-m/nofp/crtbegin.o
                0x0800d554                PROVIDE (__fini_array_end = .)
                0x0800d554                _sidata = LOADADDR (.data)

.data           0x20000000      0xa20 load address 0x0800d554
                0x20000000                . = ALIGN (0x4)
                0x20000000                _sdata = .
 *(.data)
 *(.data*)
 .data.Flag_Stop
                0x20000000        0x1 CMakeFiles/BalanceCar_Mini.elf.dir/Core/Src/main.c.obj
                0x20000000                Flag_Stop
 *fill*         0x20000001        0x3 
 .data.SystemCoreClock
                0x20000004        0x4 CMakeFiles/BalanceCar_Mini.elf.dir/Core/Src/system_stm32f1xx.c.obj
                0x20000004                SystemCoreClock
 .data.uwTickFreq
                0x20000008        0x1 CMakeFiles/BalanceCar_Mini.elf.dir/Drivers/STM32F1xx_HAL_Driver/Src/stm32f1xx_hal.c.obj
                0x20000008                uwTickFreq
 *fill*         0x20000009        0x3 
 .data.uwTickPrio
                0x2000000c        0x4 CMakeFiles/BalanceCar_Mini.elf.dir/Drivers/STM32F1xx_HAL_Driver/Src/stm32f1xx_hal.c.obj
                0x2000000c                uwTickPrio
 .data.flag_key.0
                0x20000010        0x1 CMakeFiles/BalanceCar_Mini.elf.dir/HARDWARE/key.c.obj
 *fill*         0x20000011        0x3 
 .data.gyro_orientation
                0x20000014        0x9 CMakeFiles/BalanceCar_Mini.elf.dir/User/MPU6050.c.obj
 *fill*         0x2000001d        0x3 
 .data.PP.10    0x20000020       0x10 CMakeFiles/BalanceCar_Mini.elf.dir/User/filter.c.obj
 .data.PP.23    0x20000030       0x10 CMakeFiles/BalanceCar_Mini.elf.dir/User/filter.c.obj
 .data.dt       0x20000040        0x4 CMakeFiles/BalanceCar_Mini.elf.dir/User/filter.c.obj
                0x20000040                dt
 .data.st       0x20000044       0x2c CMakeFiles/BalanceCar_Mini.elf.dir/User/inv_mpu.c.obj
 .data._impure_ptr
                0x20000070        0x4 d:/tool/gcc-arm-none-eabi-10.3-2021.10/bin/../lib/gcc/arm-none-eabi/10.3.1/../../../../arm-none-eabi/lib/thumb/v7-m/nofp\libg.a(lib_a-impure.o)
                0x20000070                _impure_ptr
 *fill*         0x20000074        0x4 
 .data.impure_data
                0x20000078      0x428 d:/tool/gcc-arm-none-eabi-10.3-2021.10/bin/../lib/gcc/arm-none-eabi/10.3.1/../../../../arm-none-eabi/lib/thumb/v7-m/nofp\libg.a(lib_a-impure.o)
 .data.__atexit_recursive_mutex
                0x200004a0        0x4 d:/tool/gcc-arm-none-eabi-10.3-2021.10/bin/../lib/gcc/arm-none-eabi/10.3.1/../../../../arm-none-eabi/lib/thumb/v7-m/nofp\libg.a(lib_a-__call_atexit.o)
                0x200004a0                __atexit_recursive_mutex
 .data.__malloc_av_
                0x200004a4      0x408 d:/tool/gcc-arm-none-eabi-10.3-2021.10/bin/../lib/gcc/arm-none-eabi/10.3.1/../../../../arm-none-eabi/lib/thumb/v7-m/nofp\libg.a(lib_a-mallocr.o)
                0x200004a4                __malloc_av_
 .data.__malloc_sbrk_base
                0x200008ac        0x4 d:/tool/gcc-arm-none-eabi-10.3-2021.10/bin/../lib/gcc/arm-none-eabi/10.3.1/../../../../arm-none-eabi/lib/thumb/v7-m/nofp\libg.a(lib_a-mallocr.o)
                0x200008ac                __malloc_sbrk_base
 .data.__malloc_trim_threshold
                0x200008b0        0x4 d:/tool/gcc-arm-none-eabi-10.3-2021.10/bin/../lib/gcc/arm-none-eabi/10.3.1/../../../../arm-none-eabi/lib/thumb/v7-m/nofp\libg.a(lib_a-mallocr.o)
                0x200008b0                __malloc_trim_threshold
 .data.__global_locale
                0x200008b4      0x16c d:/tool/gcc-arm-none-eabi-10.3-2021.10/bin/../lib/gcc/arm-none-eabi/10.3.1/../../../../arm-none-eabi/lib/thumb/v7-m/nofp\libg.a(lib_a-locale.o)
                0x200008b4                __global_locale
                0x20000a20                . = ALIGN (0x4)
                0x20000a20                _edata = .

.igot.plt       0x20000a20        0x0 load address 0x0800df74
 .igot.plt      0x20000a20        0x0 d:/tool/gcc-arm-none-eabi-10.3-2021.10/bin/../lib/gcc/arm-none-eabi/10.3.1/thumb/v7-m/nofp/crtbegin.o
                0x20000a20                . = ALIGN (0x4)

.bss            0x20000a20      0x5fc load address 0x0800df74
                0x20000a20                _sbss = .
                0x20000a20                __bss_start__ = _sbss
 *(.bss)
 .bss           0x20000a20       0x1c d:/tool/gcc-arm-none-eabi-10.3-2021.10/bin/../lib/gcc/arm-none-eabi/10.3.1/thumb/v7-m/nofp/crtbegin.o
 *(.bss*)
 .bss.Angle_Balance
                0x20000a3c        0x4 CMakeFiles/BalanceCar_Mini.elf.dir/Core/Src/main.c.obj
                0x20000a3c                Angle_Balance
 .bss.Encoder_Left
                0x20000a40        0x4 CMakeFiles/BalanceCar_Mini.elf.dir/Core/Src/main.c.obj
                0x20000a40                Encoder_Left
 .bss.Encoder_Right
                0x20000a44        0x4 CMakeFiles/BalanceCar_Mini.elf.dir/Core/Src/main.c.obj
                0x20000a44                Encoder_Right
 .bss.Gyro_Balance
                0x20000a48        0x4 CMakeFiles/BalanceCar_Mini.elf.dir/Core/Src/main.c.obj
                0x20000a48                Gyro_Balance
 .bss.heap_end.0
                0x20000a4c        0x4 CMakeFiles/BalanceCar_Mini.elf.dir/Core/Src/syscalls.c.obj
 .bss.htim1     0x20000a50       0x48 CMakeFiles/BalanceCar_Mini.elf.dir/Core/Src/tim.c.obj
                0x20000a50                htim1
 .bss.htim2     0x20000a98       0x48 CMakeFiles/BalanceCar_Mini.elf.dir/Core/Src/tim.c.obj
                0x20000a98                htim2
 .bss.htim4     0x20000ae0       0x48 CMakeFiles/BalanceCar_Mini.elf.dir/Core/Src/tim.c.obj
                0x20000ae0                htim4
 .bss.uwTick    0x20000b28        0x4 CMakeFiles/BalanceCar_Mini.elf.dir/Drivers/STM32F1xx_HAL_Driver/Src/stm32f1xx_hal.c.obj
                0x20000b28                uwTick
 .bss.OLED_GRAM
                0x20000b2c      0x400 CMakeFiles/BalanceCar_Mini.elf.dir/HARDWARE/oled.c.obj
                0x20000b2c                OLED_GRAM
 .bss.Pitch     0x20000f2c        0x4 CMakeFiles/BalanceCar_Mini.elf.dir/User/MPU6050.c.obj
                0x20000f2c                Pitch
 .bss.Roll      0x20000f30        0x4 CMakeFiles/BalanceCar_Mini.elf.dir/User/MPU6050.c.obj
                0x20000f30                Roll
 .bss.Encoder_Integral.1
                0x20000f34        0x4 CMakeFiles/BalanceCar_Mini.elf.dir/User/control.c.obj
 .bss.Encoder_Least.3
                0x20000f38        0x4 CMakeFiles/BalanceCar_Mini.elf.dir/User/control.c.obj
 .bss.Encoder_bias.2
                0x20000f3c        0x4 CMakeFiles/BalanceCar_Mini.elf.dir/User/control.c.obj
 .bss.Flag_Target.4
                0x20000f40        0x1 CMakeFiles/BalanceCar_Mini.elf.dir/User/control.c.obj
 *fill*         0x20000f41        0x3 
 .bss.velocity.0
                0x20000f44        0x4 CMakeFiles/BalanceCar_Mini.elf.dir/User/control.c.obj
 .bss.fac_ms    0x20000f48        0x2 CMakeFiles/BalanceCar_Mini.elf.dir/User/delay.c.obj
 .bss.fac_us    0x20000f4a        0x1 CMakeFiles/BalanceCar_Mini.elf.dir/User/delay.c.obj
 *fill*         0x20000f4b        0x1 
 .bss.Angle_err.21
                0x20000f4c        0x4 CMakeFiles/BalanceCar_Mini.elf.dir/User/filter.c.obj
 .bss.Angle_err.8
                0x20000f50        0x4 CMakeFiles/BalanceCar_Mini.elf.dir/User/filter.c.obj
 .bss.E.18      0x20000f54        0x4 CMakeFiles/BalanceCar_Mini.elf.dir/User/filter.c.obj
 .bss.E.5       0x20000f58        0x4 CMakeFiles/BalanceCar_Mini.elf.dir/User/filter.c.obj
 .bss.K_0.17    0x20000f5c        0x4 CMakeFiles/BalanceCar_Mini.elf.dir/User/filter.c.obj
 .bss.K_0.4     0x20000f60        0x4 CMakeFiles/BalanceCar_Mini.elf.dir/User/filter.c.obj
 .bss.K_1.16    0x20000f64        0x4 CMakeFiles/BalanceCar_Mini.elf.dir/User/filter.c.obj
 .bss.K_1.3     0x20000f68        0x4 CMakeFiles/BalanceCar_Mini.elf.dir/User/filter.c.obj
 .bss.PCt_0.20  0x20000f6c        0x4 CMakeFiles/BalanceCar_Mini.elf.dir/User/filter.c.obj
 .bss.PCt_0.7   0x20000f70        0x4 CMakeFiles/BalanceCar_Mini.elf.dir/User/filter.c.obj
 .bss.PCt_1.19  0x20000f74        0x4 CMakeFiles/BalanceCar_Mini.elf.dir/User/filter.c.obj
 .bss.PCt_1.6   0x20000f78        0x4 CMakeFiles/BalanceCar_Mini.elf.dir/User/filter.c.obj
 .bss.Pdot.22   0x20000f7c       0x10 CMakeFiles/BalanceCar_Mini.elf.dir/User/filter.c.obj
 .bss.Pdot.9    0x20000f8c       0x10 CMakeFiles/BalanceCar_Mini.elf.dir/User/filter.c.obj
 .bss.Q_bias.12
                0x20000f9c        0x4 CMakeFiles/BalanceCar_Mini.elf.dir/User/filter.c.obj
 .bss.Q_bias.25
                0x20000fa0        0x4 CMakeFiles/BalanceCar_Mini.elf.dir/User/filter.c.obj
 .bss.angle.11  0x20000fa4        0x4 CMakeFiles/BalanceCar_Mini.elf.dir/User/filter.c.obj
 .bss.angle.24  0x20000fa8        0x4 CMakeFiles/BalanceCar_Mini.elf.dir/User/filter.c.obj
 .bss.angle_dot.0
                0x20000fac        0x4 CMakeFiles/BalanceCar_Mini.elf.dir/User/filter.c.obj
 .bss.angle_dot.13
                0x20000fb0        0x4 CMakeFiles/BalanceCar_Mini.elf.dir/User/filter.c.obj
 .bss.t_0.15    0x20000fb4        0x4 CMakeFiles/BalanceCar_Mini.elf.dir/User/filter.c.obj
 .bss.t_0.2     0x20000fb8        0x4 CMakeFiles/BalanceCar_Mini.elf.dir/User/filter.c.obj
 .bss.t_1.1     0x20000fbc        0x4 CMakeFiles/BalanceCar_Mini.elf.dir/User/filter.c.obj
 .bss.t_1.14    0x20000fc0        0x4 CMakeFiles/BalanceCar_Mini.elf.dir/User/filter.c.obj
 .bss.dmp       0x20000fc4       0x10 CMakeFiles/BalanceCar_Mini.elf.dir/User/inv_mpu_dmp_motion_driver.c.obj
 .bss.__lock___atexit_recursive_mutex
                0x20000fd4        0x1 d:/tool/gcc-arm-none-eabi-10.3-2021.10/bin/../lib/gcc/arm-none-eabi/10.3.1/../../../../arm-none-eabi/lib/thumb/v7-m/nofp\libg.a(lib_a-lock.o)
                0x20000fd4                __lock___atexit_recursive_mutex
 *fill*         0x20000fd5        0x3 
 .bss.__lock___malloc_recursive_mutex
                0x20000fd8        0x1 d:/tool/gcc-arm-none-eabi-10.3-2021.10/bin/../lib/gcc/arm-none-eabi/10.3.1/../../../../arm-none-eabi/lib/thumb/v7-m/nofp\libg.a(lib_a-lock.o)
                0x20000fd8                __lock___malloc_recursive_mutex
 *fill*         0x20000fd9        0x3 
 .bss.__lock___sfp_recursive_mutex
                0x20000fdc        0x1 d:/tool/gcc-arm-none-eabi-10.3-2021.10/bin/../lib/gcc/arm-none-eabi/10.3.1/../../../../arm-none-eabi/lib/thumb/v7-m/nofp\libg.a(lib_a-lock.o)
                0x20000fdc                __lock___sfp_recursive_mutex
 *fill*         0x20000fdd        0x3 
 .bss.__lock___sinit_recursive_mutex
                0x20000fe0        0x1 d:/tool/gcc-arm-none-eabi-10.3-2021.10/bin/../lib/gcc/arm-none-eabi/10.3.1/../../../../arm-none-eabi/lib/thumb/v7-m/nofp\libg.a(lib_a-lock.o)
                0x20000fe0                __lock___sinit_recursive_mutex
 *fill*         0x20000fe1        0x3 
 .bss.__malloc_current_mallinfo
                0x20000fe4       0x28 d:/tool/gcc-arm-none-eabi-10.3-2021.10/bin/../lib/gcc/arm-none-eabi/10.3.1/../../../../arm-none-eabi/lib/thumb/v7-m/nofp\libg.a(lib_a-mallocr.o)
                0x20000fe4                __malloc_current_mallinfo
 .bss.__malloc_max_sbrked_mem
                0x2000100c        0x4 d:/tool/gcc-arm-none-eabi-10.3-2021.10/bin/../lib/gcc/arm-none-eabi/10.3.1/../../../../arm-none-eabi/lib/thumb/v7-m/nofp\libg.a(lib_a-mallocr.o)
                0x2000100c                __malloc_max_sbrked_mem
 .bss.__malloc_max_total_mem
                0x20001010        0x4 d:/tool/gcc-arm-none-eabi-10.3-2021.10/bin/../lib/gcc/arm-none-eabi/10.3.1/../../../../arm-none-eabi/lib/thumb/v7-m/nofp\libg.a(lib_a-mallocr.o)
                0x20001010                __malloc_max_total_mem
 .bss.__malloc_top_pad
                0x20001014        0x4 d:/tool/gcc-arm-none-eabi-10.3-2021.10/bin/../lib/gcc/arm-none-eabi/10.3.1/../../../../arm-none-eabi/lib/thumb/v7-m/nofp\libg.a(lib_a-mallocr.o)
                0x20001014                __malloc_top_pad
 .bss.errno     0x20001018        0x4 d:/tool/gcc-arm-none-eabi-10.3-2021.10/bin/../lib/gcc/arm-none-eabi/10.3.1/../../../../arm-none-eabi/lib/thumb/v7-m/nofp\libg.a(lib_a-reent.o)
                0x20001018                errno
 *(COMMON)
                0x2000101c                . = ALIGN (0x4)
                0x2000101c                _ebss = .
                0x2000101c                __bss_end__ = _ebss

._user_heap_stack
                0x2000101c      0x604 load address 0x0800df74
                0x20001020                . = ALIGN (0x8)
 *fill*         0x2000101c        0x4 
                0x20001020                PROVIDE (end = .)
                [!provide]                PROVIDE (_end = .)
                0x20001220                . = (. + _Min_Heap_Size)
 *fill*         0x20001020      0x200 
                0x20001620                . = (. + _Min_Stack_Size)
 *fill*         0x20001220      0x400 
                0x20001620                . = ALIGN (0x8)

/DISCARD/
 libc.a(*)
 libm.a(*)
 libgcc.a(*)

.ARM.attributes
                0x00000000       0x29
 *(.ARM.attributes)
 .ARM.attributes
                0x00000000       0x1d d:/tool/gcc-arm-none-eabi-10.3-2021.10/bin/../lib/gcc/arm-none-eabi/10.3.1/thumb/v7-m/nofp/crti.o
 .ARM.attributes
                0x0000001d       0x2d d:/tool/gcc-arm-none-eabi-10.3-2021.10/bin/../lib/gcc/arm-none-eabi/10.3.1/thumb/v7-m/nofp/crtbegin.o
 .ARM.attributes
                0x0000004a       0x2d CMakeFiles/BalanceCar_Mini.elf.dir/Core/Src/gpio.c.obj
 .ARM.attributes
                0x00000077       0x2d CMakeFiles/BalanceCar_Mini.elf.dir/Core/Src/main.c.obj
 .ARM.attributes
                0x000000a4       0x2d CMakeFiles/BalanceCar_Mini.elf.dir/Core/Src/stm32f1xx_hal_msp.c.obj
 .ARM.attributes
                0x000000d1       0x2d CMakeFiles/BalanceCar_Mini.elf.dir/Core/Src/stm32f1xx_it.c.obj
 .ARM.attributes
                0x000000fe       0x2d CMakeFiles/BalanceCar_Mini.elf.dir/Core/Src/syscalls.c.obj
 .ARM.attributes
                0x0000012b       0x2d CMakeFiles/BalanceCar_Mini.elf.dir/Core/Src/system_stm32f1xx.c.obj
 .ARM.attributes
                0x00000158       0x2d CMakeFiles/BalanceCar_Mini.elf.dir/Core/Src/tim.c.obj
 .ARM.attributes
                0x00000185       0x2d CMakeFiles/BalanceCar_Mini.elf.dir/Drivers/STM32F1xx_HAL_Driver/Src/stm32f1xx_hal.c.obj
 .ARM.attributes
                0x000001b2       0x2d CMakeFiles/BalanceCar_Mini.elf.dir/Drivers/STM32F1xx_HAL_Driver/Src/stm32f1xx_hal_cortex.c.obj
 .ARM.attributes
                0x000001df       0x2d CMakeFiles/BalanceCar_Mini.elf.dir/Drivers/STM32F1xx_HAL_Driver/Src/stm32f1xx_hal_gpio.c.obj
 .ARM.attributes
                0x0000020c       0x2d CMakeFiles/BalanceCar_Mini.elf.dir/Drivers/STM32F1xx_HAL_Driver/Src/stm32f1xx_hal_rcc.c.obj
 .ARM.attributes
                0x00000239       0x2d CMakeFiles/BalanceCar_Mini.elf.dir/Drivers/STM32F1xx_HAL_Driver/Src/stm32f1xx_hal_tim.c.obj
 .ARM.attributes
                0x00000266       0x2d CMakeFiles/BalanceCar_Mini.elf.dir/Drivers/STM32F1xx_HAL_Driver/Src/stm32f1xx_hal_tim_ex.c.obj
 .ARM.attributes
                0x00000293       0x2d CMakeFiles/BalanceCar_Mini.elf.dir/HARDWARE/IOI2C.c.obj
 .ARM.attributes
                0x000002c0       0x2d CMakeFiles/BalanceCar_Mini.elf.dir/HARDWARE/encoder.c.obj
 .ARM.attributes
                0x000002ed       0x2d CMakeFiles/BalanceCar_Mini.elf.dir/HARDWARE/key.c.obj
 .ARM.attributes
                0x0000031a       0x2d CMakeFiles/BalanceCar_Mini.elf.dir/HARDWARE/oled.c.obj
 .ARM.attributes
                0x00000347       0x2d CMakeFiles/BalanceCar_Mini.elf.dir/User/MPU6050.c.obj
 .ARM.attributes
                0x00000374       0x2d CMakeFiles/BalanceCar_Mini.elf.dir/User/control.c.obj
 .ARM.attributes
                0x000003a1       0x2d CMakeFiles/BalanceCar_Mini.elf.dir/User/delay.c.obj
 .ARM.attributes
                0x000003ce       0x2d CMakeFiles/BalanceCar_Mini.elf.dir/User/filter.c.obj
 .ARM.attributes
                0x000003fb       0x2d CMakeFiles/BalanceCar_Mini.elf.dir/User/inv_mpu.c.obj
 .ARM.attributes
                0x00000428       0x2d CMakeFiles/BalanceCar_Mini.elf.dir/User/inv_mpu_dmp_motion_driver.c.obj
 .ARM.attributes
                0x00000455       0x2d CMakeFiles/BalanceCar_Mini.elf.dir/User/sys.c.obj
 .ARM.attributes
                0x00000482       0x21 CMakeFiles/BalanceCar_Mini.elf.dir/startup/startup_stm32f103xb.s.obj
 .ARM.attributes
                0x000004a3       0x1d d:/tool/gcc-arm-none-eabi-10.3-2021.10/bin/../lib/gcc/arm-none-eabi/10.3.1/thumb/v7-m/nofp\libgcc.a(_arm_addsubdf3.o)
 .ARM.attributes
                0x000004c0       0x1d d:/tool/gcc-arm-none-eabi-10.3-2021.10/bin/../lib/gcc/arm-none-eabi/10.3.1/thumb/v7-m/nofp\libgcc.a(_arm_muldivdf3.o)
 .ARM.attributes
                0x000004dd       0x1d d:/tool/gcc-arm-none-eabi-10.3-2021.10/bin/../lib/gcc/arm-none-eabi/10.3.1/thumb/v7-m/nofp\libgcc.a(_arm_truncdfsf2.o)
 .ARM.attributes
                0x000004fa       0x1d d:/tool/gcc-arm-none-eabi-10.3-2021.10/bin/../lib/gcc/arm-none-eabi/10.3.1/thumb/v7-m/nofp\libgcc.a(_arm_addsubsf3.o)
 .ARM.attributes
                0x00000517       0x1d d:/tool/gcc-arm-none-eabi-10.3-2021.10/bin/../lib/gcc/arm-none-eabi/10.3.1/thumb/v7-m/nofp\libgcc.a(_arm_muldivsf3.o)
 .ARM.attributes
                0x00000534       0x1d d:/tool/gcc-arm-none-eabi-10.3-2021.10/bin/../lib/gcc/arm-none-eabi/10.3.1/thumb/v7-m/nofp\libgcc.a(_arm_cmpsf2.o)
 .ARM.attributes
                0x00000551       0x1d d:/tool/gcc-arm-none-eabi-10.3-2021.10/bin/../lib/gcc/arm-none-eabi/10.3.1/thumb/v7-m/nofp\libgcc.a(_arm_fixsfsi.o)
 .ARM.attributes
                0x0000056e       0x1d d:/tool/gcc-arm-none-eabi-10.3-2021.10/bin/../lib/gcc/arm-none-eabi/10.3.1/thumb/v7-m/nofp\libgcc.a(_arm_fixunssfsi.o)
 .ARM.attributes
                0x0000058b       0x1d d:/tool/gcc-arm-none-eabi-10.3-2021.10/bin/../lib/gcc/arm-none-eabi/10.3.1/thumb/v7-m/nofp\libgcc.a(_aeabi_ldivmod.o)
 .ARM.attributes
                0x000005a8       0x2d d:/tool/gcc-arm-none-eabi-10.3-2021.10/bin/../lib/gcc/arm-none-eabi/10.3.1/thumb/v7-m/nofp\libgcc.a(_udivmoddi4.o)
 .ARM.attributes
                0x000005d5       0x1d d:/tool/gcc-arm-none-eabi-10.3-2021.10/bin/../lib/gcc/arm-none-eabi/10.3.1/thumb/v7-m/nofp\libgcc.a(_dvmd_tls.o)
 .ARM.attributes
                0x000005f2       0x2d d:/tool/gcc-arm-none-eabi-10.3-2021.10/bin/../lib/gcc/arm-none-eabi/10.3.1/../../../../arm-none-eabi/lib/thumb/v7-m/nofp\libg.a(lib_a-errno.o)
 .ARM.attributes
                0x0000061f       0x2d d:/tool/gcc-arm-none-eabi-10.3-2021.10/bin/../lib/gcc/arm-none-eabi/10.3.1/../../../../arm-none-eabi/lib/thumb/v7-m/nofp\libg.a(lib_a-impure.o)
 .ARM.attributes
                0x0000064c       0x2d d:/tool/gcc-arm-none-eabi-10.3-2021.10/bin/../lib/gcc/arm-none-eabi/10.3.1/../../../../arm-none-eabi/lib/thumb/v7-m/nofp\libg.a(lib_a-init.o)
 .ARM.attributes
                0x00000679       0x2d d:/tool/gcc-arm-none-eabi-10.3-2021.10/bin/../lib/gcc/arm-none-eabi/10.3.1/../../../../arm-none-eabi/lib/thumb/v7-m/nofp\libg.a(lib_a-memcmp.o)
 .ARM.attributes
                0x000006a6       0x2d d:/tool/gcc-arm-none-eabi-10.3-2021.10/bin/../lib/gcc/arm-none-eabi/10.3.1/../../../../arm-none-eabi/lib/thumb/v7-m/nofp\libg.a(lib_a-memset.o)
 .ARM.attributes
                0x000006d3       0x2d d:/tool/gcc-arm-none-eabi-10.3-2021.10/bin/../lib/gcc/arm-none-eabi/10.3.1/../../../../arm-none-eabi/lib/thumb/v7-m/nofp\libg.a(lib_a-printf.o)
 .ARM.attributes
                0x00000700       0x2d d:/tool/gcc-arm-none-eabi-10.3-2021.10/bin/../lib/gcc/arm-none-eabi/10.3.1/../../../../arm-none-eabi/lib/thumb/v7-m/nofp\libg.a(lib_a-puts.o)
 .ARM.attributes
                0x0000072d       0x2d d:/tool/gcc-arm-none-eabi-10.3-2021.10/bin/../lib/gcc/arm-none-eabi/10.3.1/../../../../arm-none-eabi/lib/thumb/v7-m/nofp\libg.a(lib_a-strlen-stub.o)
 .ARM.attributes
                0x0000075a       0x2d d:/tool/gcc-arm-none-eabi-10.3-2021.10/bin/../lib/gcc/arm-none-eabi/10.3.1/../../../../arm-none-eabi/lib/thumb/v7-m/nofp\libg.a(lib_a-vfprintf.o)
 .ARM.attributes
                0x00000787       0x2d d:/tool/gcc-arm-none-eabi-10.3-2021.10/bin/../lib/gcc/arm-none-eabi/10.3.1/../../../../arm-none-eabi/lib/thumb/v7-m/nofp\libg.a(lib_a-wsetup.o)
 .ARM.attributes
                0x000007b4       0x2d d:/tool/gcc-arm-none-eabi-10.3-2021.10/bin/../lib/gcc/arm-none-eabi/10.3.1/../../../../arm-none-eabi/lib/thumb/v7-m/nofp\libg.a(lib_a-__call_atexit.o)
 .ARM.attributes
                0x000007e1       0x2d d:/tool/gcc-arm-none-eabi-10.3-2021.10/bin/../lib/gcc/arm-none-eabi/10.3.1/../../../../arm-none-eabi/lib/thumb/v7-m/nofp\libg.a(lib_a-atexit.o)
 .ARM.attributes
                0x0000080e       0x2d d:/tool/gcc-arm-none-eabi-10.3-2021.10/bin/../lib/gcc/arm-none-eabi/10.3.1/../../../../arm-none-eabi/lib/thumb/v7-m/nofp\libg.a(lib_a-dtoa.o)
 .ARM.attributes
                0x0000083b       0x2d d:/tool/gcc-arm-none-eabi-10.3-2021.10/bin/../lib/gcc/arm-none-eabi/10.3.1/../../../../arm-none-eabi/lib/thumb/v7-m/nofp\libg.a(lib_a-fflush.o)
 .ARM.attributes
                0x00000868       0x2d d:/tool/gcc-arm-none-eabi-10.3-2021.10/bin/../lib/gcc/arm-none-eabi/10.3.1/../../../../arm-none-eabi/lib/thumb/v7-m/nofp\libg.a(lib_a-findfp.o)
 .ARM.attributes